******************************************************************************
                  TI ARM Linker PC v20.2.1                     
******************************************************************************
>> Linked Mon Jan 11 14:00:27 2021

OUTPUT FILE NAME:   <i2cbme280_CC1352R1_LAUNCHXL_tirtos_ccs.out>
ENTRY POINT SYMBOL: "ResetISR"  address: 000040c1


MEMORY CONFIGURATION

         name            origin    length      used     unused   attr    fill
----------------------  --------  ---------  --------  --------  ----  --------
  FLASH                 00000000   00058000  000062af  00051d51  R  X
  GPRAM                 11000000   00002000  00000000  00002000  RW X
  SRAM                  20000000   00014000  000024b9  00011b47  RW X


SEGMENT ALLOCATION MAP

run origin  load origin   length   init length attrs members
----------  ----------- ---------- ----------- ----- -------
00000000    00000000    00006258   00006258    r-x
  00000000    00000000    0000003c   0000003c    r-- .resetVecs
  0000003c    0000003c    00005990   00005990    r-x .text
  000059cc    000059cc    000006b3   000006b3    r-- .const
  00006080    00006080    000001d8   000001d8    r-- .cinit
00057fa8    00057fa8    00000058   00000058    r--
  00057fa8    00057fa8    00000058   00000058    r-- .ccfg
20000100    20000100    0000000c   00000000    rw-
  20000100    20000100    00000004   00000000    rw- .data:xdcRomConstPtr
  20000104    20000104    00000004   00000000    rw- .data:xdcRomExternFuncPtr
  20000108    20000108    00000004   00000000    rw- .data:xdcRomStatePtr
20000110    20000110    00001000   00000000    r--
  20000110    20000110    00001000   00000000    r-- .priheap
20001110    20001110    00000fd8   00000000    rw-
  20001110    20001110    00000a9d   00000000    rw- .bss
  20001bb0    20001bb0    00000538   00000000    rw- .data
20013c00    20013c00    00000400   00000000    rw-
  20013c00    20013c00    00000400   00000000    rw- .stack


SECTION ALLOCATION MAP

 output                                  attributes/
section   page    origin      length       input sections
--------  ----  ----------  ----------   ----------------
.binit     0    00000000    00000000     

.cinit     0    00006080    000001d8     
                  00006080    0000017e     (.cinit..data.load) [load image, compression = lzss]
                  000061fe    00000002     --HOLE-- [fill = 0]
                  00006200    0000000c     (__TI_handler_table)
                  0000620c    00000004     --HOLE-- [fill = 0]
                  00006210    00000008     (.cinit..bss.load) [load image, compression = zero_init]
                  00006218    00000008     (.cinit..data:xdcRomConstPtr.load) [load image, compression = lzss]
                  00006220    00000008     (.cinit..data:xdcRomExternFuncPtr.load) [load image, compression = lzss]
                  00006228    00000008     (.cinit..data:xdcRomStatePtr.load) [load image, compression = lzss]
                  00006230    00000028     (__TI_cinit_table)

.init_array 
*          0    00000000    00000000     UNINITIALIZED

.ccfg      0    00057fa8    00000058     
                  00057fa8    00000058     ti_devices_config.obj (.ccfg:retain)

.bss       0    20001110    00000a9d     UNINITIALIZED
                  20001110    00000400     ti_drivers_config.obj (.bss:displayUARTBuffer)
                  20001510    00000200     release_pem4f.oem4f (.bss:taskStackSection)
                  20001710    0000012c     (.common:uartCC26XXObjects)
                  2000183c    000000e0     (.common:i2cCC26xxObjects)
                  2000191c    000000d8     (.common:ti_sysbios_family_arm_m3_Hwi_dispatchTable)
                  200019f4    0000007c     (.common:pinHandleTable)
                  20001a70    0000003c     (.common:bme280)
                  20001aac    00000034     drivers_cc13x2.aem4f : PINCC26XX.oem4f (.bss:pinSwi)
                  20001ae0    00000020                          : PINCC26XX.oem4f (.bss:pinGpioConfigTable)
                  20001b00    00000020     ti_drivers_config.obj (.bss:uartCC26XXRingBuffer0)
                  20001b20    0000001c     driverlib.lib : osc.obj (.bss:$O1$$)
                  20001b3c    0000001c     drivers_cc13x2.aem4f : PINCC26XX.oem4f (.bss:pinHwi)
                  20001b58    0000001c                          : PINCC26XX.oem4f (.bss:pinSemaphore)
                  20001b74    00000010     (.common:i2cParams)
                  20001b84    0000000c     (.common:displayUartObject)
                  20001b90    00000004                          : PINCC26XX.oem4f (.bss)
                  20001b94    00000004     i2cbme280.obj (.bss)
                  20001b98    00000004     sail.lib : bme280.obj (.bss)
                  20001b9c    00000004     (.common:ClockP_tickPeriod)
                  20001ba0    00000004     (.common:PowerCC26XX_swiKey)
                  20001ba4    00000004     (.common:PowerCC26XX_taskKey)
                  20001ba8    00000004     (.common:i2c)
                  20001bac    00000001     (.common:driverlib_release_0_55938)

.data      0    20001bb0    00000538     UNINITIALIZED
                  20001bb0    00000110     drivers_cc13x2.aem4f : PowerCC26X2.oem4f (.data:PowerCC26X2_module)
                  20001cc0    0000010c     release_pem4f.oem4f (.data:ROM_stateStruct)
                  20001dcc    00000088     rom_sysbios.aem4f : rom_sysbios.obj (.data:$O1$$)
                  20001e54    00000054     release_pem4f.oem4f (.data:ti_sysbios_gates_GateMutex_Object__table__V)
                  20001ea8    0000004c     release_pem4f.oem4f (.data:ti_sysbios_knl_Task_Object__table__V)
                  20001ef4    00000004     bme280_support.obj (.data)
                  20001ef8    00000048     release_pem4f.oem4f (.data:ti_sysbios_family_arm_cc26xx_Timer_Object__table__V)
                  20001f40    00000030     release_pem4f.oem4f (.data:ti_sysbios_knl_Swi_Module_State_0_readyQ__A)
                  20001f70    00000030     release_pem4f.oem4f (.data:ti_sysbios_knl_Swi_Object__table__V)
                  20001fa0    00000030     release_pem4f.oem4f (.data:ti_sysbios_knl_Task_Module_State_0_readyQ__A)
                  20001fd0    00000020     release_pem4f.oem4f (.data:ti_sysbios_knl_Clock_Object__table__V)
                  20001ff0    00000020     release_pem4f.oem4f (.data:xdc_runtime_Error_IgnoreBlock)
                  20002010    00000018     release_pem4f.oem4f (.data:ti_sysbios_family_arm_m3_Hwi_Object__table__V)
                  20002028    00000018     release_pem4f.oem4f (.data:ti_sysbios_heaps_HeapMem_Object__table__V)
                  20002040    0000000c     i2cbme280.obj (.data)
                  2000204c    00000008     rtsv7M4_T_le_v4SPD16_eabi.lib : _lock.c.obj (.data:$O1$$)
                  20002054    00000008     drivers_cc13x2.aem4f : PINCC26XX.oem4f (.data)
                  2000205c    00000008     ti_drivers_config.obj (.data:gpioCallbackFunctions)
                  20002064    00000008     ti_drivers_config.obj (.data:gpioPinConfigs)
                  2000206c    00000008     release_pem4f.oem4f (.data:ti_sysbios_family_arm_m3_Hwi_Module__root__V)
                  20002074    00000008     release_pem4f.oem4f (.data:ti_sysbios_gates_GateHwi_Module__root__V)
                  2000207c    00000008     release_pem4f.oem4f (.data:ti_sysbios_gates_GateMutex_Module__root__V)
                  20002084    00000008     release_pem4f.oem4f (.data:ti_sysbios_hal_Hwi_Module__root__V)
                  2000208c    00000008     release_pem4f.oem4f (.data:ti_sysbios_heaps_HeapMem_Module__root__V)
                  20002094    00000008     release_pem4f.oem4f (.data:ti_sysbios_knl_Clock_Module__root__V)
                  2000209c    00000008     release_pem4f.oem4f (.data:ti_sysbios_knl_Event_Module__root__V)
                  200020a4    00000008     release_pem4f.oem4f (.data:ti_sysbios_knl_Mailbox_Module__root__V)
                  200020ac    00000008     release_pem4f.oem4f (.data:ti_sysbios_knl_Queue_Module__root__V)
                  200020b4    00000008     release_pem4f.oem4f (.data:ti_sysbios_knl_Semaphore_Module__root__V)
                  200020bc    00000008     release_pem4f.oem4f (.data:ti_sysbios_knl_Swi_Module__root__V)
                  200020c4    00000008     release_pem4f.oem4f (.data:ti_sysbios_knl_Task_Module__root__V)
                  200020cc    00000008     release_pem4f.oem4f (.data:xdc_runtime_System_Module_State_0_atexitHandlers__A)
                  200020d4    00000004     rtsv7M4_T_le_v4SPD16_eabi.lib : stkdepth_vars.c.obj (.data)
                  200020d8    00000004     release_pem4f.oem4f (.data:ti_sysbios_family_arm_m3_Hwi_Module_State_0_excContext__A)
                  200020dc    00000004     release_pem4f.oem4f (.data:ti_sysbios_family_arm_m3_Hwi_Module_State_0_excStack__A)
                  200020e0    00000004     release_pem4f.oem4f (.data:ti_sysbios_knl_Task_Module_State_0_idleTask__A)
                  200020e4    00000002     release_pem4f.oem4f (.data:ti_sysbios_family_arm_m3_Hwi_Module_State_0_excActive__A)
                  200020e6    00000001     drivers_cc13x2.aem4f : I2C.oem4f (.data)
                  200020e7    00000001                          : UART.oem4f (.data)

.stack     0    20013c00    00000400     UNINITIALIZED
                  20013c00    00000400     --HOLE--

.priheap   0    20000110    00001000     UNINITIALIZED
                  20000110    00001000     --HOLE--

.data:xdcRomConstPtr 
*          0    20000100    00000004     UNINITIALIZED
                  20000100    00000004     release_pem4f.oem4f (.data:xdcRomConstPtr)

.data:xdcRomExternFuncPtr 
*          0    20000104    00000004     UNINITIALIZED
                  20000104    00000004     release_pem4f.oem4f (.data:xdcRomExternFuncPtr)

.data:xdcRomStatePtr 
*          0    20000108    00000004     UNINITIALIZED
                  20000108    00000004     release_pem4f.oem4f (.data:xdcRomStatePtr)

.bootVecs 
*          0    00000000    00000008     DSECT
                  00000000    00000008     boot.aem4f : boot.oem4f (.bootVecs)

.resetVecs 
*          0    00000000    0000003c     
                  00000000    0000003c     release_pem4f.oem4f (.resetVecs)

.vecs      0    20000000    000000d8     NOLOAD SECTION
                  20000000    000000d8     release_pem4f.oem4f (.vecs)

xdc.meta   0    00000000    000000f9     COPY SECTION
                  00000000    000000f9     release_pem4f.oem4f (xdc.meta)

xdc.noload 
*          0    00000000    00000000     COPY SECTION

__llvm_prf_cnts 
*          0    20000000    00000000     UNINITIALIZED

.text      0    0000003c    00005990     
                  0000003c    00000208     i2cbme280.obj (.text:mainThread)
                  00000244    000001c4     drivers_cc13x2.aem4f : PINCC26XX.oem4f (.text:PIN_init)
                  00000408    000001b6     rtsv7M4_T_le_v4SPD16_eabi.lib : fd_add_t2.asm.obj (.text)
                  000005be    00000002     ti_drivers_config.obj (.text:Board_initHook)
                  000005c0    000001a8     drivers_cc13x2.aem4f : PowerCC26X2.oem4f (.text:Power_sleep)
                  00000768    000001a0     sail.lib : bme280.obj (.text:bme280_get_calib_param)
                  00000908    00000198              : bme280.obj (.text:bme280_set_oversamp_humidity)
                  00000aa0    00000190     drivers_cc13x2.aem4f : PowerCC26X2_calibrateRCOSC.oem4f (.text:calibrateRcoscHf1)
                  00000c30    0000018c                          : PowerCC26X2.oem4f (.text:Power_init)
                  00000dbc    0000018c                          : PowerCC26X2_calibrateRCOSC.oem4f (.text:runCalibrateFsm)
                  00000f48    00000188     release_pem4f.oem4f (.text:xdc_runtime_System_printfExtend__I)
                  000010d0    00000170     sail.lib : bme280.obj (.text:bme280_set_power_mode)
                  00001240    0000016c              : bme280.obj (.text:bme280_set_oversamp_temperature)
                  000013ac    00000164     drivers_cc13x2.aem4f : UARTCC26XX.oem4f (.text:UARTCC26XX_open)
                  00001510    00000164     sail.lib : bme280.obj (.text:bme280_set_standby_durn)
                  00001674    00000158              : bme280.obj (.text:bme280_set_oversamp_pressure)
                  000017cc    00000154     drivers_cc13x2.aem4f : UARTCC26XX.oem4f (.text:UARTCC26XX_hwiIntFxn)
                  00001920    0000013a                          : UARTCC26XX.oem4f (.text:UARTCC26XX_read)
                  00001a5a    00000002     display.aem4f : DisplayUart.oem4f (.text:DisplayUartMin_clear)
                  00001a5c    00000130     sail.lib : bme280.obj (.text:bme280_compensate_pressure_int32)
                  00001b8c    00000118     drivers_cc13x2.aem4f : I2CCC26XX.oem4f (.text:I2CCC26XX_hwiFxn)
                  00001ca4    00000114                          : I2CCC26XX.oem4f (.text:I2CCC26XX_transfer)
                  00001db8    00000110     bme280_support.obj (.text:bme280_data_readout_template)
                  00001ec8    00000100     drivers_cc13x2.aem4f : PowerCC26X2.oem4f (.text:configureXOSCHF)
                  00001fc8    000000fc     driverlib.lib : sys_ctrl.obj (.text:NOROM_SysCtrlStandby)
                  000020c4    000000fc     rtsv7M4_T_le_v4SPD16_eabi.lib : fd_mul_t2.asm.obj (.text)
                  000021c0    000000f8     drivers_cc13x2.aem4f : PINCC26XX.oem4f (.text:PINCC26XX_setIoCfg)
                  000022b8    000000ec     rom_sysbios.aem4f : rom_sysbios.obj (.text:pthread_create)
                  000023a4    000000e4     drivers_cc13x2.aem4f : I2CCC26XX.oem4f (.text:I2CCC26XX_open)
                  00002488    000000e0                          : UARTCC26XX.oem4f (.text:UARTCC26XX_write)
                  00002568    000000c8                          : PowerCC26X2.oem4f (.text:Power_releaseDependency)
                  00002630    000000c4                          : PowerCC26X2.oem4f (.text:Power_setDependency)
                  000026f4    000000c0                          : UARTCC26XX.oem4f (.text:UARTCC26XX_initIO)
                  000027b4    000000bc     sail.lib : bme280.obj (.text:bme280_compensate_humidity_int32)
                  00002870    000000b8     drivers_cc13x2.aem4f : UARTCC26XX.oem4f (.text:UARTCC26XX_initHw)
                  00002928    000000b4     dpl_cc13x2.aem4f : PowerCC26X2_tirtos.oem4f (.text:PowerCC26XX_standbyPolicy)
                  000029dc    000000ac     drivers_cc13x2.aem4f : PINCC26XX.oem4f (.text:PIN_open)
                  00002a88    000000ac     driverlib.lib : setup.obj (.text:TrimAfterColdResetWakeupFromShutDown)
                  00002b34    000000a8     sail.lib : bme280.obj (.text:bme280_init)
                  00002bdc    000000a0     auto_init.aem4f : auto_init.oem4f (.text)
                  00002c7c    000000a0     rom_sysbios.aem4f : rom_sysbios.obj (.text:ti_sysbios_knl_Task_setPri__E)
                  00002d1c    0000009c     rtsv7M4_T_le_v4SPD16_eabi.lib : memcpy_t2.asm.obj (.text)
                  00002db8    00000098     driverlib.lib : setup.obj (.text:NOROM_SetupTrimDevice)
                  00002e50    00000098     sail.lib : bme280.obj (.text:bme280_read_uncomp_pressure_temperature_humidity)
                  00002ee8    00000098     drivers_cc13x2.aem4f : UARTCC26XX.oem4f (.text:writeTxFifoFlush)
                  00002f80    00000096     rtsv7M4_T_le_v4SPD16_eabi.lib : ull_div_t2.asm.obj (.text)
                  00003016    00000092     drivers_cc13x2.aem4f : UARTCC26XX.oem4f (.text:UARTCC26XX_writeCancel)
                  000030a8    00000090     bme280_support.obj (.text:BME280_I2C_bus_write)
                  00003138    00000090     drivers_cc13x2.aem4f : I2CCC26XX.oem4f (.text:I2CCC26XX_cancel)
                  000031c8    0000008c                          : I2CCC26XX.oem4f (.text:I2CCC26XX_primeTransfer)
                  00003254    00000088     driverlib.lib : osc.obj (.text:NOROM_OSCHF_AttemptToSwitchToXosc)
                  000032dc    00000088     rom_sysbios.aem4f : rom_sysbios.obj (.text:_pthread_removeThreadKeys)
                  00003364    00000088     drivers_cc13x2.aem4f : PowerCC26X2_calibrateRCOSC.oem4f (.text:calibrateRcoscHf2)
                  000033ec    00000088                          : PowerCC26X2.oem4f (.text:disableLFClockQualifiers)
                  00003474    00000088                          : PowerCC26X2_calibrateRCOSC.oem4f (.text:updateSubSecInc)
                  000034fc    00000086     rtsv7M4_T_le_v4SPD16_eabi.lib : fd_cmp_t2.asm.obj (.text:__aeabi_cdcmple)
                  00003582    00000086                                   : fd_cmp_t2.asm.obj (.text:__aeabi_cdrcmple)
                  00003608    00000084     drivers_cc13x2.aem4f : UARTCC26XX.oem4f (.text:UARTCC26XX_close)
                  0000368c    00000084     rom_sysbios.aem4f : rom_sysbios.obj (.text:ti_sysbios_family_arm_m3_Hwi_excHandlerMin__I)
                  00003710    00000080                       : rom_sysbios.obj (.text:ti_sysbios_family_arm_cc26xx_Timer_start__E)
                  00003790    0000007c     sail.lib : bme280.obj (.text:bme280_compensate_temperature_int32)
                  0000380c    0000007a     rtsv7M4_T_le_v4SPD16_eabi.lib : memset_t2.asm.obj (.text)
                  00003886    00000002     display.aem4f : DisplayUart.oem4f (.text:DisplayUartMin_clearLines)
                  00003888    00000074     drivers_cc13x2.aem4f : PowerCC26X2_calibrateRCOSC.oem4f (.text:PowerCC26X2_auxISR)
                  000038fc    00000072                          : I2CCC26XX.oem4f (.text:I2CCC26XX_swiFxn)
                  0000396e    00000002     display.aem4f : DisplayUart.oem4f (.text:DisplayUartMin_init)
                  00003970    00000070     main_tirtos.obj (.text:main)
                  000039e0    0000006d     rom_sysbios.aem4f : rom_sysbios.obj (.text:xdc_runtime_System_formatNum__I)
                  00003a4d    00000001     --HOLE-- [fill = 0]
                  00003a4e    00000002     rtsv7M4_T_le_v4SPD16_eabi.lib : _lock.c.obj (.text:_nop)
                  00003a50    00000068     driverlib.lib : osc.obj (.text:NOROM_OSCHF_SwitchToRcOscTurnOffXosc)
                  00003ab8    00000068                   : sys_ctrl.obj (.text:NOROM_SysCtrlSetRechargeBeforePowerDown)
                  00003b20    00000068     rtsv7M4_T_le_v4SPD16_eabi.lib : copy_decompress_lzss.c.obj (.text:decompress:lzss:__TI_decompress_lzss)
                  00003b88    00000064     drivers_cc13x2.aem4f : I2CCC26XX.oem4f (.text:I2CCC26XX_initIO)
                  00003bec    00000064                          : UARTCC26XX.oem4f (.text:UARTCC26XX_control)
                  00003c50    00000064     sail.lib : bme280.obj (.text:bme280_read_pressure_temperature_humidity)
                  00003cb4    00000064              : bme280.obj (.text:bme280_read_uncomp_pressure)
                  00003d18    00000064              : bme280.obj (.text:bme280_read_uncomp_temperature)
                  00003d7c    00000062     drivers_cc13x2.aem4f : UARTCC26XX.oem4f (.text:UARTCC26XX_swiIntFxn)
                  00003dde    00000002                          : PowerCC26X2.oem4f (.text:emptyClockFunc)
                  00003de0    00000060                          : GPIOCC26XX.oem4f (.text:GPIO_write)
                  00003e40    0000005c     display.aem4f : Display.oem4f (.text:Display_doOpen)
                  00003e9c    0000005c     drivers_cc13x2.aem4f : I2CCC26XX.oem4f (.text:I2CCC26XX_close)
                  00003ef8    0000005c                          : PINCC26XX.oem4f (.text:PIN_remove)
                  00003f54    0000005c     sail.lib : bme280.obj (.text:bme280_read_uncomp_humidity)
                  00003fb0    0000005c     rom_sysbios.aem4f : rom_sysbios.obj (.text:ti_sysbios_heaps_HeapMem_initPrimary__I)
                  0000400c    0000005c     release_pem4f.oem4f (.text:xdc_runtime_Startup_getState__I)
                  00004068    00000058     drivers_cc13x2.aem4f : PowerCC26X2_calibrateRCOSC.oem4f (.text:PowerCC26X2_initiateCalibration)
                  000040c0    00000058     boot.aem4f : boot.oem4f (.text)
                  00004118    00000058     rom_sysbios.aem4f : rom_sysbios.obj (.text:pthread_exit)
                  00004170    00000054     bme280_support.obj (.text:BME280_I2C_bus_read)
                  000041c4    00000054     driverlib.lib : chipinfo.obj (.text:NOROM_ChipInfo_GetChipType)
                  00004218    00000054     sail.lib : bme280.obj (.text:bme280_get_power_mode)
                  0000426c    00000054              : bme280.obj (.text:bme280_get_standby_durn)
                  000042c0    00000050     dpl_cc13x2.aem4f : ClockP_tirtos.oem4f (.text:ClockP_construct)
                  00004310    0000004c     drivers_cc13x2.aem4f : UARTCC26XX.oem4f (.text:UARTCC26XX_readCancel)
                  0000435c    0000004c     sail.lib : bme280.obj (.text:bme280_read_register)
                  000043a8    0000004c              : bme280.obj (.text:bme280_write_register)
                  000043f4    0000004c     rtsv7M4_T_le_v4SPD16_eabi.lib : cpy_tbl.c.obj (.text:copy_in)
                  00004440    0000004c     drivers_cc13x2.aem4f : UARTCC26XX.oem4f (.text:startTxFifoEmptyClk)
                  0000448c    0000004c                          : PowerCC26X2.oem4f (.text:switchXOSCHF)
                  000044d8    0000004a     display.aem4f : DisplayUart.oem4f (.text:DisplayUartMin_open)
                  00004522    00000002     rtsv7M4_T_le_v4SPD16_eabi.lib : div0.asm.obj (.text)
                  00004524    00000048     drivers_cc13x2.aem4f : I2CCC26XX.oem4f (.text:I2CCC26XX_initHw)
                  0000456c    00000048                          : PINCC26XX.oem4f (.text:PIN_setOutputEnable)
                  000045b4    00000048                          : PowerCC26X2_calibrateRCOSC.oem4f (.text:PowerCC26X2_RCOSC_clockFunc)
                  000045fc    00000048     rtsv7M4_T_le_v4SPD16_eabi.lib : fd_toi_t2.asm.obj (.text)
                  00004644    00000048     drivers_cc13x2.aem4f : UARTCC26XX.oem4f (.text:writeFinishedDoCallback)
                  0000468c    00000046     display.aem4f : DisplayUart.oem4f (.text:DisplayUartMin_vprintf)
                  000046d2    00000046     drivers_cc13x2.aem4f : RingBuf.oem4f (.text:RingBuf_put)
                  00004718    00000044                          : I2C.oem4f (.text:I2C_init)
                  0000475c    00000044     driverlib.lib : chipinfo.obj (.text:NOROM_ChipInfo_GetHwRevision)
                  000047a0    00000044     drivers_cc13x2.aem4f : PINCC26XX.oem4f (.text:PIN_swi)
                  000047e4    00000044                          : UART.oem4f (.text:UART_init)
                  00004828    00000044     sail.lib : bme280.obj (.text:bme280_set_soft_rst)
                  0000486c    00000044     rtsv7M4_T_le_v4SPD16_eabi.lib : fd_tou_t2.asm.obj (.text)
                  000048b0    00000040     drivers_cc13x2.aem4f : I2C.oem4f (.text:I2C_open)
                  000048f0    00000040                          : RingBuf.oem4f (.text:RingBuf_get)
                  00004930    00000040                          : UART.oem4f (.text:UART_open)
                  00004970    00000040     rtsv7M4_T_le_v4SPD16_eabi.lib : u_divt2.asm.obj (.text)
                  000049b0    00000040     rom_sysbios.aem4f : rom_sysbios.obj (.text:ti_sysbios_family_arm_cc26xx_Timer_setThreshold__I)
                  000049f0    0000003e     dpl_cc13x2.aem4f : HwiP_tirtos.oem4f (.text:HwiP_construct)
                  00004a2e    00000002     release_pem4f.oem4f (.text:ti_sysbios_BIOS_nullFunc__I)
                  00004a30    0000003c     drivers_cc13x2.aem4f : PINCC26XX.oem4f (.text:PIN_setOutputValue)
                  00004a6c    0000003c     dpl_cc13x2.aem4f : SwiP_tirtos.oem4f (.text:SwiP_construct)
                  00004aa8    0000003c     rom_sysbios.aem4f : rom_sysbios.obj (.text:sleep)
                  00004ae4    0000003c                       : rom_sysbios.obj (.text:ti_sysbios_family_arm_m3_Hwi_construct2__E)
                  00004b20    00000038     bme280_support.obj (.text:I2C_routine)
                  00004b58    00000038     driverlib.lib : osc.obj (.text:NOROM_OSC_HPOSCRelativeFrequencyOffsetGet)
                  00004b90    00000038     drivers_cc13x2.aem4f : PINCC26XX.oem4f (.text:PIN_setConfig)
                  00004bc8    00000038                          : PowerCC26X2.oem4f (.text:notify)
                  00004c00    00000038                          : UARTCC26XX.oem4f (.text:readData)
                  00004c38    00000038     rtsv7M4_T_le_v4SPD16_eabi.lib : fs_tod_t2.asm.obj (.text)
                  00004c70    00000038     drivers_cc13x2.aem4f : UARTCC26XX.oem4f (.text:writeData)
                  00004ca8    00000036     rom_sysbios.aem4f : rom_sysbios.obj (.text:ti_sysbios_family_arm_cc26xx_Timer_setNextTick__E)
                  00004cde    00000002                       : rom_sysbios.obj (.text:xdc_runtime_SysCallback_defaultAbort)
                  00004ce0    00000034     driverlib.lib : aux_sysif.obj (.text:NOROM_AUXSYSIFOpModeChange)
                  00004d14    00000034                   : sys_ctrl.obj (.text:NOROM_SysCtrlIdle)
                  00004d48    00000034     drivers_cc13x2.aem4f : UARTCC26XX.oem4f (.text:readData2RingBuf)
                  00004d7c    00000034     rom_sysbios.aem4f : rom_sysbios.obj (.text:usleep)
                  00004db0    00000030     drivers_cc13x2.aem4f : PINCC26XX.oem4f (.text:PINCC26XX_setMux)
                  00004de0    00000030                          : PowerCC26X2.oem4f (.text:Power_releaseConstraint)
                  00004e10    00000030                          : PowerCC26X2.oem4f (.text:Power_setConstraint)
                  00004e40    00000030     release_pem4f.oem4f (.text:ti_sysbios_BIOS_atExitFunc__I)
                  00004e70    00000030     release_pem4f.oem4f (.text:ti_sysbios_BIOS_startFunc__I)
                  00004ea0    00000030     rom_sysbios.aem4f : rom_sysbios.obj (.text:ti_sysbios_family_arm_cc26xx_Timer_getCurrentTick__E)
                  00004ed0    00000030                       : rom_sysbios.obj (.text:ti_sysbios_family_arm_cc26xx_Timer_initDevice__I)
                  00004f00    0000002e     rtsv7M4_T_le_v4SPD16_eabi.lib : i_tofd_t2.asm.obj (.text)
                  00004f2e    0000002c     dpl_cc13x2.aem4f : SemaphoreP_tirtos.oem4f (.text:SemaphoreP_constructBinary)
                  00004f5a    00000002     rom_sysbios.aem4f : rom_sysbios.obj (.text:xdc_runtime_SysCallback_defaultExit)
                  00004f5c    0000002c     dpl_cc13x2.aem4f : SemaphoreP_tirtos.oem4f (.text:SemaphoreP_createBinary)
                  00004f88    0000002c     rom_sysbios.aem4f : rom_sysbios.obj (.text:_pthread_delete$45)
                  00004fb4    0000002c                       : rom_sysbios.obj (.text:pthread_setcancelstate)
                  00004fe0    0000002c                       : rom_sysbios.obj (.text:ti_sysbios_knl_Clock_getTicksUntilInterrupt__E)
                  0000500c    0000002a     display.aem4f : Display.oem4f (.text:Display_doPrintf)
                  00005036    00000002     rom_sysbios.aem4f : rom_sysbios.obj (.text:xdc_runtime_SysCallback_defaultFlush)
                  00005038    00000028     driverlib.lib : osc.obj (.text:NOROM_OSCHF_TurnOnXosc)
                  00005060    00000028     drivers_cc13x2.aem4f : PowerCC26X2.oem4f (.text:Power_registerNotify)
                  00005088    00000028                          : PowerCC26X2.oem4f (.text:oscillatorISR)
                  000050b0    00000026                          : List.oem4f (.text:List_put)
                  000050d6    00000026                          : List.oem4f (.text:List_remove)
                  000050fc    00000024     rom_sysbios.aem4f : rom_sysbios.obj (.text:_pthread_cleanupFxn)
                  00005120    00000024     drivers_cc13x2.aem4f : PowerCC26X2_calibrateRCOSC.oem4f (.text:getTdcSemaphore)
                  00005144    00000024     rom_sysbios.aem4f : rom_sysbios.obj (.text:pthread_attr_init)
                  00005168    00000024     release_pem4f.oem4f (.text:ti_sysbios_BIOS_registerRTSLock__I)
                  0000518c    00000024     release_pem4f.oem4f (.text:ti_sysbios_BIOS_removeRTSLock__I)
                  000051b0    00000024     rom_sysbios.aem4f : rom_sysbios.obj (.text:ti_sysbios_family_arm_cc26xx_Timer_getMaxTicks__E)
                  000051d4    00000020     drivers_cc13x2.aem4f : PINCC26XX.oem4f (.text:PINCC26XX_setIoCfgMux)
                  000051f4    00000020                          : PowerCC26X2.oem4f (.text:Power_unregisterNotify)
                  00005214    00000020                          : UARTCC26XX.oem4f (.text:threadSafeStdbyDisRelease)
                  00005234    00000020                          : UARTCC26XX.oem4f (.text:threadSafeStdbyDisSet)
                  00005254    00000020     release_pem4f.oem4f (.text:ti_sysbios_BIOS_rtsLock__I)
                  00005274    00000020     rom_sysbios.aem4f : rom_sysbios.obj (.text:ti_sysbios_family_arm_cc26xx_Timer_dynamicStub__E)
                  00005294    00000020                       : rom_sysbios.obj (.text:xdc_runtime_Error_policyMin__E)
                  000052b4    0000001e     drivers_cc13x2.aem4f : PINCC26XX.oem4f (.text:PIN_close)
                  000052d2    0000001e                          : PowerCC26X2.oem4f (.text:Power_getTransitionLatency)
                  000052f0    0000001c     ti_drivers_config.obj (.text:Board_init)
                  0000530c    0000001c     driverlib.lib : chipinfo.obj (.text:NOROM_ChipInfo_GetChipFamily)
                  00005328    0000001c     drivers_cc13x2.aem4f : PINCC26XX.oem4f (.text:PIN_hwi)
                  00005344    0000001c     dpl_cc13x2.aem4f : PowerCC26X2_tirtos.oem4f (.text:PowerCC26XX_schedulerDisable)
                  00005360    0000001c                      : PowerCC26X2_tirtos.oem4f (.text:PowerCC26XX_schedulerRestore)
                  0000537c    0000001c     rom_sysbios.aem4f : rom_sysbios.obj (.text:ti_sysbios_knl_Swi_construct2__E)
                  00005398    0000001c     release_pem4f.oem4f (.text:xdc_runtime_Startup_exec__I)
                  000053b4    0000001a     drivers_cc13x2.aem4f : PowerCC26X2.oem4f (.text:PowerCC26XX_calibrate)
                  000053ce    00000018                          : I2C.oem4f (.text:I2C_transfer)
                  000053e6    00000002     rom_sysbios.aem4f : rom_sysbios.obj (.text:xdc_runtime_SysCallback_defaultPutch)
                  000053e8    00000018     driverlib.lib : chipinfo.obj (.text:NOROM_ChipInfo_GetPackageType)
                  00005400    00000018     drivers_cc13x2.aem4f : PowerCC26X2.oem4f (.text:Power_idleFunc)
                  00005418    00000018                          : UART.oem4f (.text:UART_Params_init)
                  00005430    00000018     rtsv7M4_T_le_v4SPD16_eabi.lib : args_main.c.obj (.text:_args_main)
                  00005448    00000018                                   : ll_mul_t2.asm.obj (.text)
                  00005460    00000018     release_pem4f.oem4f (.text:ti_sysbios_BIOS_rtsUnlock__I)
                  00005478    00000018     rom_sysbios.aem4f : rom_sysbios.obj (.text:ti_sysbios_knl_Swi_or__E)
                  00005490    00000018                       : rom_sysbios.obj (.text:ti_sysbios_rts_ti_ReentSupport_getReent__F)
                  000054a8    00000018                       : rom_sysbios.obj (.text:xdc_runtime_Error_init__E)
                  000054c0    00000016     display.aem4f : DisplayUart.oem4f (.text:DisplayUartMin_close)
                  000054d6    00000016     driverlib.lib : chipinfo.obj (.text:NOROM_ThisLibraryIsFor_CC13x2_CC26x2_HwRev20AndLater_HaltIfViolated)
                  000054ec    00000016     rom_sysbios.aem4f : rom_sysbios.obj (.text:_pthread_cleanup_pop)
                  00005502    00000016     release_pem4f.oem4f (.text:ti_sysbios_BIOS_exitFunc__I)
                  00005518    00000014     drivers_cc13x2.aem4f : PowerCC26X2_calibrateRCOSC.oem4f (.text:PowerCC26X2_calibrate)
                  0000552c    00000014     rom_sysbios.aem4f : rom_sysbios.obj (.text:pthread_attr_setschedparam)
                  00005540    00000014     drivers_cc13x2.aem4f : PowerCC26X2.oem4f (.text:switchToTCXO)
                  00005554    00000014     rom_sysbios.aem4f : rom_sysbios.obj (.text:ti_sysbios_family_arm_cc26xx_Timer_getCount64__E)
                  00005568    00000014     release_pem4f.oem4f (.text:ti_sysbios_knl_Clock_doTick__I)
                  0000557c    00000012     bme280_support.obj (.text:BME280_delay_msek)
                  0000558e    00000012     drivers_cc13x2.aem4f : RingBuf.oem4f (.text:RingBuf_construct)
                  000055a0    00000012     dpl_cc13x2.aem4f : SemaphoreP_tirtos.oem4f (.text:SemaphoreP_pend)
                  000055b2    00000012     rom_sysbios.aem4f : rom_sysbios.obj (.text:_pthread_runStub$45)
                  000055c4    00000010     dpl_cc13x2.aem4f : HwiP_tirtos.oem4f (.text:HwiP_Params_init)
                  000055d4    00000010     drivers_cc13x2.aem4f : I2C.oem4f (.text:I2C_Params_init)
                  000055e4    00000010                          : PINCC26XX.oem4f (.text:PINCC26XX_getPinCount)
                  000055f4    00000010     dpl_cc13x2.aem4f : SwiP_tirtos.oem4f (.text:SwiP_Params_init)
                  00005604    00000010     drivers_cc13x2.aem4f : I2CCC26XX.oem4f (.text:i2cPostNotify)
                  00005614    00000010                          : UARTCC26XX.oem4f (.text:uartPostNotify)
                  00005624    0000000e     rtsv7M4_T_le_v4SPD16_eabi.lib : copy_decompress_none.c.obj (.text:decompress:none:__TI_decompress_none)
                  00005632    0000000e     rom_sysbios.aem4f : rom_sysbios.obj (.text:pthread_attr_setdetachstate)
                  00005640    0000000e                       : rom_sysbios.obj (.text:ti_sysbios_family_arm_cc26xx_TimestampProvider_get32__E)
                  0000564e    0000000c     driverlib.lib : cpu.obj (.text:NOROM_CPUcpsid)
                  0000565a    0000000c                   : cpu.obj (.text:NOROM_CPUcpsie)
                  00005666    00000002     --HOLE-- [fill = 0]
                  00005668    0000000c     drivers_cc13x2.aem4f : PowerCC26X2.oem4f (.text:Power_getConstraintMask)
                  00005674    0000000c                          : PowerCC26X2.oem4f (.text:Power_getDependencyCount)
                  00005680    0000000c     dpl_cc13x2.aem4f : SemaphoreP_tirtos.oem4f (.text:SemaphoreP_delete)
                  0000568c    0000000c     rtsv7M4_T_le_v4SPD16_eabi.lib : _lock.c.obj (.text:_register_lock)
                  00005698    0000000c                                   : _lock.c.obj (.text:_register_unlock)
                  000056a4    0000000c                                   : copy_zero_init.c.obj (.text:decompress:ZI:__TI_zero_init)
                  000056b0    0000000c     rom_sysbios.aem4f : rom_sysbios.obj (.text:pthread_self)
                  000056bc    0000000c                       : rom_sysbios.obj (.text:ti_sysbios_knl_Queue_insert__E)
                  000056c8    0000000c                       : rom_sysbios.obj (.text:ti_sysbios_knl_Swi_getTrigger__E)
                  000056d4    0000000a     dpl_cc13x2.aem4f : ClockP_tirtos.oem4f (.text:ClockP_Params_init)
                  000056de    0000000a     drivers_cc13x2.aem4f : I2CCC26XX.oem4f (.text:I2CCC26XX_init)
                  000056e8    0000000a                          : UART.oem4f (.text:UART_close)
                  000056f2    0000000a                          : UART.oem4f (.text:UART_control)
                  000056fc    0000000a                          : UART.oem4f (.text:UART_write)
                  00005706    0000000a     release_pem4f.oem4f (.text:ti_sysbios_rts_ti_ReentSupport_getTlsAddr__I)
                  00005710    00000008     drivers_cc13x2.aem4f : I2CCC26XX.oem4f (.text:I2CCC26XX_blockingCallback)
                  00005718    00000008                          : UARTCC26XX.oem4f (.text:UARTCC26XX_init)
                  00005720    00000008                          : UARTCC26XX.oem4f (.text:readSemCallback)
                  00005728    00000008                          : UARTCC26XX.oem4f (.text:writeSemCallback)
                  00005730    00000008     release_pem4f.oem4f (.text:xdc_runtime_Text_visitRope__I)
                  00005738    00000006     display.aem4f : DisplayUart.oem4f (.text:DisplayUartMin_control)
                  0000573e    00000006                   : DisplayUart.oem4f (.text:DisplayUartMin_getType)
                  00005744    00000006     drivers_cc13x2.aem4f : I2CCC26XX.oem4f (.text:I2CCC26XX_control)
                  0000574a    00000006     driverlib.lib : cpu.obj (.text:NOROM_CPUdelay)
                  00005750    00000006     drivers_cc13x2.aem4f : UARTCC26XX.oem4f (.text:UARTCC26XX_readPolling)
                  00005756    00000006                          : UARTCC26XX.oem4f (.text:UARTCC26XX_writePolling)
                  0000575c    00000006     rom_sysbios.aem4f : rom_sysbios.obj (.text:pthread_attr_setstacksize)
                  00005762    00000004     dpl_cc13x2.aem4f : PowerCC26X2_tirtos.oem4f (.text:CPUwfi)
                  00005766    00000004                      : ClockP_tirtos.oem4f (.text:ClockP_destruct)
                  0000576a    00000004                      : ClockP_tirtos.oem4f (.text:ClockP_getCpuFreq)
                  0000576e    00000004                      : ClockP_tirtos.oem4f (.text:ClockP_setTimeout)
                  00005772    00000004                      : ClockP_tirtos.oem4f (.text:ClockP_start)
                  00005776    00000004                      : ClockP_tirtos.oem4f (.text:ClockP_stop)
                  0000577a    00000004                      : HwiP_tirtos.oem4f (.text:HwiP_destruct)
                  0000577e    00000004                      : HwiP_tirtos.oem4f (.text:HwiP_disable)
                  00005782    00000004                      : HwiP_tirtos.oem4f (.text:HwiP_disableInterrupt)
                  00005786    00000004                      : HwiP_tirtos.oem4f (.text:HwiP_enableInterrupt)
                  0000578a    00000004                      : SemaphoreP_tirtos.oem4f (.text:SemaphoreP_destruct)
                  0000578e    00000004                      : SemaphoreP_tirtos.oem4f (.text:SemaphoreP_post)
                  00005792    00000004                      : SwiP_tirtos.oem4f (.text:SwiP_destruct)
                  00005796    00000004                      : SwiP_tirtos.oem4f (.text:SwiP_disable)
                  0000579a    00000004                      : SwiP_tirtos.oem4f (.text:SwiP_getTrigger)
                  0000579e    00000004                      : SwiP_tirtos.oem4f (.text:SwiP_or)
                  000057a2    00000004                      : SwiP_tirtos.oem4f (.text:SwiP_post)
                  000057a6    00000004                      : SystemP_tirtos.oem4f (.text:SystemP_vsnprintf)
                  000057aa    00000004     rom_sysbios.aem4f : rom_sysbios.obj (.text:__aeabi_errno_addr)
                  000057ae    00000004     drivers_cc13x2.aem4f : PowerCC26X2.oem4f (.text:configureRFCoreClocks)
                  000057b2    00000004                          : PowerCC26X2.oem4f (.text:nopResourceHandler)
                  000057b6    00000004     rom_sysbios.aem4f : rom_sysbios.obj (.text:pthread_attr_destroy)
                  000057ba    00000004                       : rom_sysbios.obj (.text:ti_sysbios_knl_Task_getArg1__E)
                  000057be    00000004                       : rom_sysbios.obj (.text:ti_sysbios_knl_Task_getEnv__E)
                  000057c2    00000004     release_pem4f.oem4f (.text:xdc_runtime_Startup_reset__I)
                  000057c6    00000004     rom_sysbios.aem4f : rom_sysbios.obj (.text:xdc_runtime_SysCallback_defaultReady)
                  000057ca    00000002     --HOLE-- [fill = 0]
                  000057cc    00000008     (.tramp.xdc_runtime_System_vsnprintf__E.1)
                  000057d4    00000008     (.tramp.ti_sysbios_knl_Swi_destruct.1)
                  000057dc    00000008     (.tramp.ti_sysbios_family_arm_m3_Hwi_enableInterrupt__E.1)
                  000057e4    00000008     (.tramp.ti_sysbios_family_arm_m3_Hwi_disableInterrupt__E.1)
                  000057ec    00000008     (.tramp.ti_sysbios_family_arm_m3_Hwi_disableFxn__E.1)
                  000057f4    00000008     (.tramp.ti_sysbios_family_arm_m3_Hwi_destruct.1)
                  000057fc    00000008     (.tramp.ti_sysbios_BIOS_getCpuFreq__E.1)
                  00005804    00000008     (.tramp.ti_sysbios_knl_Clock_destruct.1)
                  0000580c    00000008     (.tramp.ti_sysbios_knl_Task_self__E.1)
                  00005814    00000008     (.tramp.ti_sysbios_knl_Semaphore_delete.1)
                  0000581c    00000008     (.tramp.ti_sysbios_knl_Clock_logTick__E.1)
                  00005824    00000008     (.tramp.ti_sysbios_BIOS_getThreadType__E.1)
                  0000582c    00000008     (.tramp.ti_sysbios_knl_Swi_post__E.1)
                  00005834    00000008     (.tramp.ti_sysbios_BIOS_RtsGateProxy_leave__E.1)
                  0000583c    00000008     (.tramp.ti_sysbios_knl_Swi_construct.1)
                  00005844    00000008     (.tramp.ti_sysbios_BIOS_RtsGateProxy_enter__E.1)
                  0000584c    00000008     (.tramp.ti_sysbios_knl_Clock_TimerProxy_getCurrentTick__E.1)
                  00005854    00000008     (.tramp.ti_sysbios_knl_Task_delete.1)
                  0000585c    00000008     (.tramp.ti_sysbios_knl_Semaphore_destruct.1)
                  00005864    00000008     (.tramp.ti_sysbios_knl_Semaphore_create.1)
                  0000586c    00000008     (.tramp.ti_sysbios_knl_Task_startup__E.1)
                  00005874    00000008     (.tramp.ti_sysbios_knl_Swi_startup__E.1)
                  0000587c    00000008     (.tramp.ti_sysbios_hal_Hwi_startup__E.1)
                  00005884    00000008     (.tramp.ti_sysbios_family_arm_cc26xx_Timer_startup__E.1)
                  0000588c    00000008     (.tramp.xdc_runtime_System_atexit__E.1)
                  00005894    00000008     (.tramp.ti_sysbios_BIOS_linkedWithIncorrectBootLibrary__E.1)
                  0000589c    00000008     (.tramp.xdc_runtime_Startup_rtsDone__E.1)
                  000058a4    00000008     (.tramp.ti_sysbios_knl_Swi_disable__E.1)
                  000058ac    00000008     (.tramp.ti_sysbios_family_arm_m3_Hwi_construct.1)
                  000058b4    00000008     (.tramp.ti_sysbios_knl_Task_sleep__E.1)
                  000058bc    00000008     (.tramp.ti_sysbios_knl_Swi_Params__init__S.1)
                  000058c4    00000008     (.tramp.ti_sysbios_family_arm_m3_Hwi_Params__init__S.1)
                  000058cc    00000008     (.tramp.strlen.1)
                  000058d4    00000008     (.tramp.ti_sysbios_knl_Clock_construct.1)
                  000058dc    00000008     (.tramp.ti_sysbios_knl_Clock_Params__init__S.1)
                  000058e4    00000008     (.tramp.xdc_runtime_System_exit__E.1)
                  000058ec    00000008     (.tramp.ti_sysbios_heaps_HeapMem_restore__E.1)
                  000058f4    00000008     (.tramp.ti_sysbios_heaps_HeapMem_Object__get__S.1)
                  000058fc    00000008     (.tramp.ti_sysbios_BIOS_start__E.1)
                  00005904    00000008     (.tramp.xdc_runtime_Error_raiseX__E.1)
                  0000590c    00000008     (.tramp.ti_sysbios_BIOS_setThreadType__E.1)
                  00005914    00000008     (.tramp.ti_sysbios_family_arm_m3_Hwi_excFillContext__I.1)
                  0000591c    00000008     (.tramp.ti_sysbios_knl_Semaphore_post__E.1)
                  00005924    00000008     (.tramp.xdc_runtime_Memory_free__E.1)
                  0000592c    00000008     (.tramp.ti_sysbios_knl_Queue_next__E.1)
                  00005934    00000008     (.tramp.ti_sysbios_knl_Queue_head__E.1)
                  0000593c    00000008     (.tramp.ti_sysbios_knl_Semaphore_pend__E.1)
                  00005944    00000008     (.tramp.ti_sysbios_knl_Task_restore__E.1)
                  0000594c    00000008     (.tramp.ti_sysbios_knl_Queue_enqueue__E.1)
                  00005954    00000008     (.tramp.ti_sysbios_knl_Queue_empty__E.1)
                  0000595c    00000008     (.tramp.ti_sysbios_knl_Queue_remove__E.1)
                  00005964    00000008     (.tramp.ti_sysbios_knl_Task_disable__E.1)
                  0000596c    00000008     (.tramp.ti_sysbios_knl_Clock_stop__E.1)
                  00005974    00000008     (.tramp.ti_sysbios_knl_Clock_start__E.1)
                  0000597c    00000008     (.tramp.ti_sysbios_knl_Clock_setTimeout__E.1)
                  00005984    00000008     (.tramp.ti_sysbios_knl_Task_create.1)
                  0000598c    00000008     (.tramp.ti_sysbios_knl_Semaphore_construct.1)
                  00005994    00000008     (.tramp.ti_sysbios_knl_Semaphore_Params__init__S.1)
                  0000599c    00000008     (.tramp.ti_sysbios_knl_Queue_construct.1)
                  000059a4    00000008     (.tramp.xdc_runtime_Memory_alloc__E.1)
                  000059ac    00000008     (.tramp.ti_sysbios_knl_Task_Params__init__S.1)
                  000059b4    00000008     (.tramp.ti_sysbios_family_arm_m3_Hwi_restoreFxn__E.1)
                  000059bc    00000008     (.tramp.xdc_runtime_System_doPrint__I.1)
                  000059c4    00000008     (.tramp.ti_sysbios_knl_Swi_restore__E.1)

.const     0    000059cc    000006b3     
                  000059cc    000003b8     release_pem4f.oem4f (.const:ROM_constStruct)
                  00005d84    00000054     drivers_cc13x2.aem4f : PowerCC26X2.oem4f (.const:resourceDB)
                  00005dd8    00000048     release_pem4f.oem4f (.const:.string)
                  00005e20    00000048     release_pem4f.oem4f (.const:ROM_externFuncPtrs)
                  00005e68    00000028     drivers_cc13x2.aem4f : UARTCC26XX.oem4f (.const:UARTCC26XX_fxnTable)
                  00005e90    00000028     ti_drivers_config.obj (.const:uartCC26XXHWAttrs)
                  00005eb8    00000024     drivers_cc13x2.aem4f : UART.oem4f (.const:UART_defaultParams)
                  00005edc    00000024     release_pem4f.oem4f (.const:xdc_runtime_Startup_sfxnTab__A)
                  00005f00    00000020     display.aem4f : DisplayUart.oem4f (.const:DisplayUartMin_fxnTable)
                  00005f20    0000001c     ti_drivers_config.obj (.const:BoardGpioInitTable)
                  00005f3c    00000018     drivers_cc13x2.aem4f : I2CCC26XX.oem4f (.const:I2CCC26XX_fxnTable)
                  00005f54    00000018     ti_drivers_config.obj (.const:i2cCC26xxHWAttrs)
                  00005f6c    00000014     ti_drivers_config.obj (.const:GPIOCC26XX_config)
                  00005f80    00000014     ti_drivers_config.obj (.const:PowerCC26X2_config)
                  00005f94    00000014     ti_drivers_config.obj (.const:displayUartHWAttrs)
                  00005fa8    00000014     drivers_cc13x2.aem4f : UARTCC26XX.oem4f (.const:parityType)
                  00005fbc    00000012     release_pem4f.oem4f (.const:xdc_runtime_Startup_sfxnRts__A)
                  00005fce    00000001     display.aem4f : Display.oem4f (.const:Display_defaultParams)
                  00005fcf    00000001     release_pem4f.oem4f (.const:xdc_runtime_Text_charTab__A)
                  00005fd0    00000010     drivers_cc13x2.aem4f : I2C.oem4f (.const:I2C_defaultParams)
                  00005fe0    00000010                          : UARTCC26XX.oem4f (.const:dataLength)
                  00005ff0    0000000c     ti_drivers_config.obj (.const:Display_config)
                  00005ffc    0000000c     ti_drivers_config.obj (.const:I2C_config)
                  00006008    0000000c     ti_drivers_config.obj (.const:UART_config)
                  00006014    0000000c     release_pem4f.oem4f (.const:xdc_runtime_Startup_firstFxns__A)
                  00006020    00000008     driverlib.lib : aux_sysif.obj (.const:$O1$$)
                  00006028    00000008     ti_drivers_config.obj (.const:PINCC26XX_hwAttrs)
                  00006030    00000008     drivers_cc13x2.aem4f : I2CCC26XX.oem4f (.const:bitRate)
                  00006038    00000008                          : UARTCC26XX.oem4f (.const:stopBits)
                  00006040    00000008     release_pem4f.oem4f (.const:ti_sysbios_family_arm_m3_Hwi_excHookFuncs__A)
                  00006048    00000008     release_pem4f.oem4f (.const:ti_sysbios_knl_Idle_funcList__A)
                  00006050    00000006     drivers_cc13x2.aem4f : UARTCC26XX.oem4f (.const:.string:rxFifoBytes)
                  00006056    00000006                          : UARTCC26XX.oem4f (.const:.string:rxFifoThreshold)
                  0000605c    00000006                          : UARTCC26XX.oem4f (.const:.string:txFifoBytes)
                  00006062    00000006                          : UARTCC26XX.oem4f (.const:.string:txFifoThreshold)
                  00006068    00000004     release_pem4f.oem4f (.const:ti_sysbios_family_arm_m3_Hwi_E_exception__C)
                  0000606c    00000004     release_pem4f.oem4f (.const:ti_sysbios_heaps_HeapMem_primaryHeapBaseAddr__C)
                  00006070    00000004     release_pem4f.oem4f (.const:ti_sysbios_heaps_HeapMem_primaryHeapEndAddr__C)
                  00006074    00000004     release_pem4f.oem4f (.const:ti_sysbios_knl_Clock_tickPeriod__C)
                  00006078    00000004     release_pem4f.oem4f (.const:ti_sysbios_knl_Task_Object__heap__C)
                  0000607c    00000003     ti_drivers_config.obj (.const)

MODULE SUMMARY

       Module                             code    ro data   rw data
       ------                             ----    -------   -------
    .\
       bme280_support.obj                 574     0         64     
       i2cbme280.obj                      520     0         36     
       main_tirtos.obj                    112     0         0      
    +--+----------------------------------+-------+---------+---------+
       Total:                             1206    0         100    
                                                                   
    .\syscfg\
       ti_drivers_config.obj              30      199       1608   
       ti_devices_config.obj              0       88        0      
    +--+----------------------------------+-------+---------+---------+
       Total:                             30      287       1608   
                                                                   
    D:\AJAX\Workspace\tirtos_builds_CC1352R1_LAUNCHXL_release_ccs\Debug\configPkg\package\cfg\
       release_pem4f.oem4f                802     1259      1830   
    +--+----------------------------------+-------+---------+---------+
       Total:                             802     1259      1830   
                                                                   
    D:/AJAX/TI/ccs1011/sail_1_50_00_00/source/ti/sail/lib/ccs/cc1352r1/sail.lib
       bme280.obj                         3972    0         4      
    +--+----------------------------------+-------+---------+---------+
       Total:                             3972    0         4      
                                                                   
    D:/AJAX/TI/ccs1011/simplelink_cc13x2_26x2_sdk_3_30_00_03/kernel/tirtos/packages/ti/dpl/lib/dpl_cc13x2.aem4f
       PowerCC26X2_tirtos.oem4f           240     0         8      
       SemaphoreP_tirtos.oem4f            126     0         0      
       ClockP_tirtos.oem4f                110     0         4      
       SwiP_tirtos.oem4f                  96      0         0      
       HwiP_tirtos.oem4f                  94      0         0      
       SystemP_tirtos.oem4f               4       0         0      
    +--+----------------------------------+-------+---------+---------+
       Total:                             670     0         12     
                                                                   
    D:/AJAX/TI/ccs1011/simplelink_cc13x2_26x2_sdk_3_30_00_03/source/ti/devices/cc13x2_cc26x2/driverlib/bin/ccs/driverlib.lib
       sys_ctrl.obj                       408     0         0      
       osc.obj                            336     0         28     
       setup.obj                          324     0         0      
       chipinfo.obj                       226     0         0      
       aux_sysif.obj                      52      8         0      
       cpu.obj                            30      0         0      
       driverlib_release.obj              0       0         1      
    +--+----------------------------------+-------+---------+---------+
       Total:                             1376    8         29     
                                                                   
    D:/AJAX/TI/ccs1011/simplelink_cc13x2_26x2_sdk_3_30_00_03/source/ti/display/lib/display.aem4f
       DisplayUart.oem4f                  184     32        0      
       Display.oem4f                      134     1         0      
    +--+----------------------------------+-------+---------+---------+
       Total:                             318     33        0      
                                                                   
    D:/AJAX/TI/ccs1011/simplelink_cc13x2_26x2_sdk_3_30_00_03/source/ti/drivers/lib/drivers_cc13x2.aem4f
       UARTCC26XX.oem4f                   2742    108       0      
       PowerCC26X2.oem4f                  2082    84        272    
       PINCC26XX.oem4f                    1374    0         276    
       I2CCC26XX.oem4f                    1486    32        0      
       PowerCC26X2_calibrateRCOSC.oem4f   1400    0         0      
       UART.oem4f                         186     36        1      
       I2C.oem4f                          172     16        1      
       RingBuf.oem4f                      152     0         0      
       GPIOCC26XX.oem4f                   96      0         0      
       List.oem4f                         76      0         0      
    +--+----------------------------------+-------+---------+---------+
       Total:                             9766    276       550    
                                                                   
    D:\AJAX\TI\ccs1011\ccs\tools\compiler\ti-cgt-arm_20.2.1.LTS\lib\rtsv7M4_T_le_v4SPD16_eabi.lib
       fd_add_t2.asm.obj                  438     0         0      
       fd_cmp_t2.asm.obj                  268     0         0      
       fd_mul_t2.asm.obj                  252     0         0      
       memcpy_t2.asm.obj                  156     0         0      
       ull_div_t2.asm.obj                 150     0         0      
       memset_t2.asm.obj                  122     0         0      
       copy_decompress_lzss.c.obj         104     0         0      
       cpy_tbl.c.obj                      76      0         0      
       fd_toi_t2.asm.obj                  72      0         0      
       fd_tou_t2.asm.obj                  68      0         0      
       u_divt2.asm.obj                    64      0         0      
       fs_tod_t2.asm.obj                  56      0         0      
       i_tofd_t2.asm.obj                  46      0         0      
       _lock.c.obj                        26      0         8      
       args_main.c.obj                    24      0         0      
       ll_mul_t2.asm.obj                  24      0         0      
       copy_decompress_none.c.obj         14      0         0      
       copy_zero_init.c.obj               12      0         0      
       stkdepth_vars.c.obj                0       0         4      
       div0.asm.obj                       2       0         0      
    +--+----------------------------------+-------+---------+---------+
       Total:                             1974    0         12     
                                                                   
    D:\AJAX\TI\ccs1011\simplelink_cc13x2_26x2_sdk_3_30_00_03\kernel\tirtos\packages\ti\targets\arm\rtsarm\lib\auto_init.aem4f
       auto_init.oem4f                    160     0         0      
    +--+----------------------------------+-------+---------+---------+
       Total:                             160     0         0      
                                                                   
    D:\AJAX\TI\ccs1011\simplelink_cc13x2_26x2_sdk_3_30_00_03\kernel\tirtos\packages\ti\targets\arm\rtsarm\lib\boot.aem4f
       boot.oem4f                         88      0         0      
    +--+----------------------------------+-------+---------+---------+
       Total:                             88      0         0      
                                                                   
    D:\AJAX\Workspace\tirtos_builds_CC1352R1_LAUNCHXL_release_ccs\src\sysbios\rom_sysbios.aem4f
       rom_sysbios.obj                    2049    0         136    
    +--+----------------------------------+-------+---------+---------+
       Total:                             2049    0         136    
                                                                   
       Stack:                             0       0         1024   
       Linker Generated:                  512     466       0      
    +--+----------------------------------+-------+---------+---------+
       Grand Total:                       22923   2329      5305   


LINKER GENERATED COPY TABLES

__TI_cinit_table @ 00006230 records: 5, size/record: 8, table size: 40
	.data: load addr=00006080, load size=0000017e bytes, run addr=20001bb0, run size=00000538 bytes, compression=lzss
	.bss: load addr=00006210, load size=00000008 bytes, run addr=20001110, run size=00000a9d bytes, compression=zero_init
	.data:xdcRomConstPtr: load addr=00006218, load size=00000008 bytes, run addr=20000100, run size=00000004 bytes, compression=lzss
	.data:xdcRomExternFuncPtr: load addr=00006220, load size=00000008 bytes, run addr=20000104, run size=00000004 bytes, compression=lzss
	.data:xdcRomStatePtr: load addr=00006228, load size=00000008 bytes, run addr=20000108, run size=00000004 bytes, compression=lzss


LINKER GENERATED HANDLER TABLE

__TI_handler_table @ 00006200 records: 3, size/record: 4, table size: 12
	index: 0, handler: __TI_decompress_lzss
	index: 1, handler: __TI_decompress_none
	index: 2, handler: __TI_zero_init


FAR CALL TRAMPOLINES

callee name               trampoline name
   callee addr  tramp addr   call addr  call info
--------------  -----------  ---------  ----------------
xdc_runtime_System_vsnprintf__E  $Tramp$TT$L$PI$$xdc_runtime_System_vsnprintf__E
   1002f8b9     000057cc     000057a6   dpl_cc13x2.aem4f : SystemP_tirtos.oem4f (.text:SystemP_vsnprintf)
ti_sysbios_knl_Swi_destruct  $Tramp$TT$L$PI$$ti_sysbios_knl_Swi_destruct
   1002e8bd     000057d4     00005792   dpl_cc13x2.aem4f : SwiP_tirtos.oem4f (.text:SwiP_destruct)
ti_sysbios_family_arm_m3_Hwi_enableInterrupt__E  $Tramp$TT$L$PI$$ti_sysbios_family_arm_m3_Hwi_enableInterrupt__E
   1002d91d     000057dc     00005786   dpl_cc13x2.aem4f : HwiP_tirtos.oem4f (.text:HwiP_enableInterrupt)
ti_sysbios_family_arm_m3_Hwi_disableInterrupt__E  $Tramp$TT$L$PI$$ti_sysbios_family_arm_m3_Hwi_disableInterrupt__E
   1002d8d9     000057e4     00005782   dpl_cc13x2.aem4f : HwiP_tirtos.oem4f (.text:HwiP_disableInterrupt)
ti_sysbios_family_arm_m3_Hwi_disableFxn__E  $Tramp$TT$L$PI$$ti_sysbios_family_arm_m3_Hwi_disableFxn__E
   1002eb55     000057ec     0000577e   dpl_cc13x2.aem4f : HwiP_tirtos.oem4f (.text:HwiP_disable)
ti_sysbios_family_arm_m3_Hwi_destruct  $Tramp$TT$L$PI$$ti_sysbios_family_arm_m3_Hwi_destruct
   1002e475     000057f4     0000577a   dpl_cc13x2.aem4f : HwiP_tirtos.oem4f (.text:HwiP_destruct)
ti_sysbios_BIOS_getCpuFreq__E  $Tramp$TT$L$PI$$ti_sysbios_BIOS_getCpuFreq__E
   1002e9fd     000057fc     0000576a   dpl_cc13x2.aem4f : ClockP_tirtos.oem4f (.text:ClockP_getCpuFreq)
ti_sysbios_knl_Clock_destruct  $Tramp$TT$L$PI$$ti_sysbios_knl_Clock_destruct
   1002e649     00005804     00005766   dpl_cc13x2.aem4f : ClockP_tirtos.oem4f (.text:ClockP_destruct)
ti_sysbios_knl_Task_self__E  $Tramp$TT$L$PI$$ti_sysbios_knl_Task_self__E
   1002eaf5     0000580c     000056b2   rom_sysbios.aem4f : rom_sysbios.obj (.text:pthread_self)
                             00005708   release_pem4f.oem4f (.text:ti_sysbios_rts_ti_ReentSupport_getTlsAddr__I)
ti_sysbios_knl_Semaphore_delete  $Tramp$TT$L$PI$$ti_sysbios_knl_Semaphore_delete
   1002ecdb     00005814     00005686   dpl_cc13x2.aem4f : SemaphoreP_tirtos.oem4f (.text:SemaphoreP_delete)
ti_sysbios_knl_Clock_logTick__E  $Tramp$TT$L$PI$$ti_sysbios_knl_Clock_logTick__E
   1002dbd7     0000581c     0000556a   release_pem4f.oem4f (.text:ti_sysbios_knl_Clock_doTick__I)
ti_sysbios_BIOS_getThreadType__E  $Tramp$TT$L$PI$$ti_sysbios_BIOS_getThreadType__E
   1002ea95     00005824     00005492   rom_sysbios.aem4f : rom_sysbios.obj (.text:ti_sysbios_rts_ti_ReentSupport_getReent__F)
ti_sysbios_knl_Swi_post__E  $Tramp$TT$L$PI$$ti_sysbios_knl_Swi_post__E
   1002d891     0000582c     0000548c   rom_sysbios.aem4f : rom_sysbios.obj (.text:ti_sysbios_knl_Swi_or__E)
                             00005572   release_pem4f.oem4f (.text:ti_sysbios_knl_Clock_doTick__I)
                             000057a2   dpl_cc13x2.aem4f : SwiP_tirtos.oem4f (.text:SwiP_post)
ti_sysbios_BIOS_RtsGateProxy_leave__E  $Tramp$TT$L$PI$$ti_sysbios_BIOS_RtsGateProxy_leave__E
   1002ec7b     00005834     0000546e   release_pem4f.oem4f (.text:ti_sysbios_BIOS_rtsUnlock__I)
ti_sysbios_knl_Swi_construct  $Tramp$TT$L$PI$$ti_sysbios_knl_Swi_construct
   1002d719     0000583c     00005382   rom_sysbios.aem4f : rom_sysbios.obj (.text:ti_sysbios_knl_Swi_construct2__E)
ti_sysbios_BIOS_RtsGateProxy_enter__E  $Tramp$TT$L$PI$$ti_sysbios_BIOS_RtsGateProxy_enter__E
   1002ec77     00005844     0000525a   release_pem4f.oem4f (.text:ti_sysbios_BIOS_rtsLock__I)
ti_sysbios_knl_Clock_TimerProxy_getCurrentTick__E  $Tramp$TT$L$PI$$ti_sysbios_knl_Clock_TimerProxy_getCurrentTick__E
   1002eac5     0000584c     00004ff2   rom_sysbios.aem4f : rom_sysbios.obj (.text:ti_sysbios_knl_Clock_getTicksUntilInterrupt__E)
ti_sysbios_knl_Task_delete  $Tramp$TT$L$PI$$ti_sysbios_knl_Task_delete
   1002ece7     00005854     00004f9c   rom_sysbios.aem4f : rom_sysbios.obj (.text:_pthread_delete$45)
ti_sysbios_knl_Semaphore_destruct  $Tramp$TT$L$PI$$ti_sysbios_knl_Semaphore_destruct
   1002e6fd     0000585c     00004f90   rom_sysbios.aem4f : rom_sysbios.obj (.text:_pthread_delete$45)
                             0000578a   dpl_cc13x2.aem4f : SemaphoreP_tirtos.oem4f (.text:SemaphoreP_destruct)
ti_sysbios_knl_Semaphore_create  $Tramp$TT$L$PI$$ti_sysbios_knl_Semaphore_create
   1002dc49     00005864     00004f7c   dpl_cc13x2.aem4f : SemaphoreP_tirtos.oem4f (.text:SemaphoreP_createBinary)
ti_sysbios_knl_Task_startup__E  $Tramp$TT$L$PI$$ti_sysbios_knl_Task_startup__E
   1002eceb     0000586c     00004e94   release_pem4f.oem4f (.text:ti_sysbios_BIOS_startFunc__I)
ti_sysbios_knl_Swi_startup__E  $Tramp$TT$L$PI$$ti_sysbios_knl_Swi_startup__E
   1002ec6b     00005874     00004e90   release_pem4f.oem4f (.text:ti_sysbios_BIOS_startFunc__I)
ti_sysbios_hal_Hwi_startup__E  $Tramp$TT$L$PI$$ti_sysbios_hal_Hwi_startup__E
   1002ec31     0000587c     00004e8c   release_pem4f.oem4f (.text:ti_sysbios_BIOS_startFunc__I)
ti_sysbios_family_arm_cc26xx_Timer_startup__E  $Tramp$TT$L$PI$$ti_sysbios_family_arm_cc26xx_Timer_startup__E
   1002dcf1     00005884     00004e88   release_pem4f.oem4f (.text:ti_sysbios_BIOS_startFunc__I)
xdc_runtime_System_atexit__E  $Tramp$TT$L$PI$$xdc_runtime_System_atexit__E
   1002f559     0000588c     00004e80   release_pem4f.oem4f (.text:ti_sysbios_BIOS_startFunc__I)
ti_sysbios_BIOS_linkedWithIncorrectBootLibrary__E  $Tramp$TT$L$PI$$ti_sysbios_BIOS_linkedWithIncorrectBootLibrary__E
   1002d01b     00005894     00004e7a   release_pem4f.oem4f (.text:ti_sysbios_BIOS_startFunc__I)
xdc_runtime_Startup_rtsDone__E  $Tramp$TT$L$PI$$xdc_runtime_Startup_rtsDone__E
   1002f8e5     0000589c     00004e72   release_pem4f.oem4f (.text:ti_sysbios_BIOS_startFunc__I)
ti_sysbios_knl_Swi_disable__E  $Tramp$TT$L$PI$$ti_sysbios_knl_Swi_disable__E
   1002ea25     000058a4     00004e42   release_pem4f.oem4f (.text:ti_sysbios_BIOS_atExitFunc__I)
                             0000534e   dpl_cc13x2.aem4f : PowerCC26X2_tirtos.oem4f (.text:PowerCC26XX_schedulerDisable)
                             00005796                    : SwiP_tirtos.oem4f (.text:SwiP_disable)
ti_sysbios_family_arm_m3_Hwi_construct  $Tramp$TT$L$PI$$ti_sysbios_family_arm_m3_Hwi_construct
   1002d421     000058ac     00004afe   rom_sysbios.aem4f : rom_sysbios.obj (.text:ti_sysbios_family_arm_m3_Hwi_construct2__E)
ti_sysbios_knl_Task_sleep__E  $Tramp$TT$L$PI$$ti_sysbios_knl_Task_sleep__E
   1002ce01     000058b4     00004ad2   rom_sysbios.aem4f : rom_sysbios.obj (.text:sleep)
                             00004da0                     : rom_sysbios.obj (.text:usleep)
ti_sysbios_knl_Swi_Params__init__S  $Tramp$TT$L$PI$$ti_sysbios_knl_Swi_Params__init__S
   1002ebf1     000058bc     00004a86   dpl_cc13x2.aem4f : SwiP_tirtos.oem4f (.text:SwiP_construct)
ti_sysbios_family_arm_m3_Hwi_Params__init__S  $Tramp$TT$L$PI$$ti_sysbios_family_arm_m3_Hwi_Params__init__S
   1002eb49     000058c4     00004a0c   dpl_cc13x2.aem4f : HwiP_tirtos.oem4f (.text:HwiP_construct)
strlen                    $Tramp$TT$L$PI$$strlen
   1002fddb     000058cc     000046ae   display.aem4f : DisplayUart.oem4f (.text:DisplayUartMin_vprintf)
ti_sysbios_knl_Clock_construct  $Tramp$TT$L$PI$$ti_sysbios_knl_Clock_construct
   1002dd8d     000058d4     000042f6   dpl_cc13x2.aem4f : ClockP_tirtos.oem4f (.text:ClockP_construct)
ti_sysbios_knl_Clock_Params__init__S  $Tramp$TT$L$PI$$ti_sysbios_knl_Clock_Params__init__S
   1002eb9d     000058dc     000042dc   dpl_cc13x2.aem4f : ClockP_tirtos.oem4f (.text:ClockP_construct)
xdc_runtime_System_exit__E  $Tramp$TT$L$PI$$xdc_runtime_System_exit__E
   1002f7b1     000058e4     00004100   boot.aem4f : boot.oem4f (.text)
                             00005512   release_pem4f.oem4f (.text:ti_sysbios_BIOS_exitFunc__I)
ti_sysbios_heaps_HeapMem_restore__E  $Tramp$TT$L$PI$$ti_sysbios_heaps_HeapMem_restore__E
   1002eb13     000058ec     00003ff4   rom_sysbios.aem4f : rom_sysbios.obj (.text:ti_sysbios_heaps_HeapMem_initPrimary__I)
ti_sysbios_heaps_HeapMem_Object__get__S  $Tramp$TT$L$PI$$ti_sysbios_heaps_HeapMem_Object__get__S
   1002e275     000058f4     00003fc4   rom_sysbios.aem4f : rom_sysbios.obj (.text:ti_sysbios_heaps_HeapMem_initPrimary__I)
ti_sysbios_BIOS_start__E  $Tramp$TT$L$PI$$ti_sysbios_BIOS_start__E
   1002eaa5     000058fc     000039d0   main_tirtos.obj (.text:main)
xdc_runtime_Error_raiseX__E  $Tramp$TT$L$PI$$xdc_runtime_Error_raiseX__E
   1002f739     00005904     000036ee   rom_sysbios.aem4f : rom_sysbios.obj (.text:ti_sysbios_family_arm_m3_Hwi_excHandlerMin__I)
ti_sysbios_BIOS_setThreadType__E  $Tramp$TT$L$PI$$ti_sysbios_BIOS_setThreadType__E
   1002ea11     0000590c     000036ae   rom_sysbios.aem4f : rom_sysbios.obj (.text:ti_sysbios_family_arm_m3_Hwi_excHandlerMin__I)
                             00004e4c   release_pem4f.oem4f (.text:ti_sysbios_BIOS_atExitFunc__I)
                             0000550c   release_pem4f.oem4f (.text:ti_sysbios_BIOS_exitFunc__I)
ti_sysbios_family_arm_m3_Hwi_excFillContext__I  $Tramp$TT$L$PI$$ti_sysbios_family_arm_m3_Hwi_excFillContext__I
   1002bda9     00005914     000036a8   rom_sysbios.aem4f : rom_sysbios.obj (.text:ti_sysbios_family_arm_m3_Hwi_excHandlerMin__I)
ti_sysbios_knl_Semaphore_post__E  $Tramp$TT$L$PI$$ti_sysbios_knl_Semaphore_post__E
   1002cd21     0000591c     0000334a   rom_sysbios.aem4f : rom_sysbios.obj (.text:_pthread_removeThreadKeys)
                             00004148                     : rom_sysbios.obj (.text:pthread_exit)
                             0000578e   dpl_cc13x2.aem4f : SemaphoreP_tirtos.oem4f (.text:SemaphoreP_post)
xdc_runtime_Memory_free__E  $Tramp$TT$L$PI$$xdc_runtime_Memory_free__E
   1002f81d     00005924     00003340   rom_sysbios.aem4f : rom_sysbios.obj (.text:_pthread_removeThreadKeys)
                             00004fa8                     : rom_sysbios.obj (.text:_pthread_delete$45)
ti_sysbios_knl_Queue_next__E  $Tramp$TT$L$PI$$ti_sysbios_knl_Queue_next__E
   1002ecd7     0000592c     0000331a   rom_sysbios.aem4f : rom_sysbios.obj (.text:_pthread_removeThreadKeys)
ti_sysbios_knl_Queue_head__E  $Tramp$TT$L$PI$$ti_sysbios_knl_Queue_head__E
   1002ecd3     00005934     00003306   rom_sysbios.aem4f : rom_sysbios.obj (.text:_pthread_removeThreadKeys)
ti_sysbios_knl_Semaphore_pend__E  $Tramp$TT$L$PI$$ti_sysbios_knl_Semaphore_pend__E
   1002bfb1     0000593c     00003300   rom_sysbios.aem4f : rom_sysbios.obj (.text:_pthread_removeThreadKeys)
                             000055a2   dpl_cc13x2.aem4f : SemaphoreP_tirtos.oem4f (.text:SemaphoreP_pend)
ti_sysbios_knl_Task_restore__E  $Tramp$TT$L$PI$$ti_sysbios_knl_Task_restore__E
   1002df45     00005944     00002d0a   rom_sysbios.aem4f : rom_sysbios.obj (.text:ti_sysbios_knl_Task_setPri__E)
                             000032f4                     : rom_sysbios.obj (.text:_pthread_removeThreadKeys)
                             00003354                     : rom_sysbios.obj (.text:_pthread_removeThreadKeys)
                             0000415a                     : rom_sysbios.obj (.text:pthread_exit)
                             0000510c                     : rom_sysbios.obj (.text:_pthread_cleanupFxn)
                             0000536e   dpl_cc13x2.aem4f : PowerCC26X2_tirtos.oem4f (.text:PowerCC26XX_schedulerRestore)
ti_sysbios_knl_Queue_enqueue__E  $Tramp$TT$L$PI$$ti_sysbios_knl_Queue_enqueue__E
   1002ebd9     0000594c     00002cdc   rom_sysbios.aem4f : rom_sysbios.obj (.text:ti_sysbios_knl_Task_setPri__E)
ti_sysbios_knl_Queue_empty__E  $Tramp$TT$L$PI$$ti_sysbios_knl_Queue_empty__E
   1002eb21     00005954     00002cc4   rom_sysbios.aem4f : rom_sysbios.obj (.text:ti_sysbios_knl_Task_setPri__E)
                             000032ec                     : rom_sysbios.obj (.text:_pthread_removeThreadKeys)
ti_sysbios_knl_Queue_remove__E  $Tramp$TT$L$PI$$ti_sysbios_knl_Queue_remove__E
   1002eb2f     0000595c     00002cbe   rom_sysbios.aem4f : rom_sysbios.obj (.text:ti_sysbios_knl_Task_setPri__E)
                             00003322                     : rom_sysbios.obj (.text:_pthread_removeThreadKeys)
                             00003328                     : rom_sysbios.obj (.text:_pthread_removeThreadKeys)
ti_sysbios_knl_Task_disable__E  $Tramp$TT$L$PI$$ti_sysbios_knl_Task_disable__E
   1002ea4d     00005964     00002c84   rom_sysbios.aem4f : rom_sysbios.obj (.text:ti_sysbios_knl_Task_setPri__E)
                             000032e2                     : rom_sysbios.obj (.text:_pthread_removeThreadKeys)
                             0000414e                     : rom_sysbios.obj (.text:pthread_exit)
                             00004e46   release_pem4f.oem4f (.text:ti_sysbios_BIOS_atExitFunc__I)
                             000050fe   rom_sysbios.aem4f : rom_sysbios.obj (.text:_pthread_cleanupFxn)
                             00005346   dpl_cc13x2.aem4f : PowerCC26X2_tirtos.oem4f (.text:PowerCC26XX_schedulerDisable)
ti_sysbios_knl_Clock_stop__E  $Tramp$TT$L$PI$$ti_sysbios_knl_Clock_stop__E
   1002e2c5     0000596c     00002986   dpl_cc13x2.aem4f : PowerCC26X2_tirtos.oem4f (.text:PowerCC26XX_standbyPolicy)
                             00005776                    : ClockP_tirtos.oem4f (.text:ClockP_stop)
ti_sysbios_knl_Clock_start__E  $Tramp$TT$L$PI$$ti_sysbios_knl_Clock_start__E
   1002e9e7     00005974     0000297a   dpl_cc13x2.aem4f : PowerCC26X2_tirtos.oem4f (.text:PowerCC26XX_standbyPolicy)
                             00005772                    : ClockP_tirtos.oem4f (.text:ClockP_start)
ti_sysbios_knl_Clock_setTimeout__E  $Tramp$TT$L$PI$$ti_sysbios_knl_Clock_setTimeout__E
   1002ecc3     0000597c     00002974   dpl_cc13x2.aem4f : PowerCC26X2_tirtos.oem4f (.text:PowerCC26XX_standbyPolicy)
                             0000576e                    : ClockP_tirtos.oem4f (.text:ClockP_setTimeout)
ti_sysbios_knl_Task_create  $Tramp$TT$L$PI$$ti_sysbios_knl_Task_create
   1002d529     00005984     0000236a   rom_sysbios.aem4f : rom_sysbios.obj (.text:pthread_create)
ti_sysbios_knl_Semaphore_construct  $Tramp$TT$L$PI$$ti_sysbios_knl_Semaphore_construct
   1002ddc1     0000598c     00002360   rom_sysbios.aem4f : rom_sysbios.obj (.text:pthread_create)
                             00004f50   dpl_cc13x2.aem4f : SemaphoreP_tirtos.oem4f (.text:SemaphoreP_constructBinary)
ti_sysbios_knl_Semaphore_Params__init__S  $Tramp$TT$L$PI$$ti_sysbios_knl_Semaphore_Params__init__S
   1002ebe5     00005994     0000234e   rom_sysbios.aem4f : rom_sysbios.obj (.text:pthread_create)
                             00004f40   dpl_cc13x2.aem4f : SemaphoreP_tirtos.oem4f (.text:SemaphoreP_constructBinary)
                             00004f6c                    : SemaphoreP_tirtos.oem4f (.text:SemaphoreP_createBinary)
ti_sysbios_knl_Queue_construct  $Tramp$TT$L$PI$$ti_sysbios_knl_Queue_construct
   1002dee5     0000599c     00002342   rom_sysbios.aem4f : rom_sysbios.obj (.text:pthread_create)
xdc_runtime_Memory_alloc__E  $Tramp$TT$L$PI$$xdc_runtime_Memory_alloc__E
   1002f289     000059a4     000022ea   rom_sysbios.aem4f : rom_sysbios.obj (.text:pthread_create)
ti_sysbios_knl_Task_Params__init__S  $Tramp$TT$L$PI$$ti_sysbios_knl_Task_Params__init__S
   1002ec09     000059ac     000022d6   rom_sysbios.aem4f : rom_sysbios.obj (.text:pthread_create)
ti_sysbios_family_arm_m3_Hwi_restoreFxn__E  $Tramp$TT$L$PI$$ti_sysbios_family_arm_m3_Hwi_restoreFxn__E
   1002ec47     000059b4     000013c2   drivers_cc13x2.aem4f : UARTCC26XX.oem4f (.text:UARTCC26XX_open)
                             000013ce                        : UARTCC26XX.oem4f (.text:UARTCC26XX_open)
                             00001458                        : UARTCC26XX.oem4f (.text:UARTCC26XX_open)
                             00001960                        : UARTCC26XX.oem4f (.text:UARTCC26XX_read)
                             000019bc                        : UARTCC26XX.oem4f (.text:UARTCC26XX_read)
                             000019e4                        : UARTCC26XX.oem4f (.text:UARTCC26XX_read)
                             000019f6                        : UARTCC26XX.oem4f (.text:UARTCC26XX_read)
                             00001a40                        : UARTCC26XX.oem4f (.text:UARTCC26XX_read)
                             00001a50                        : UARTCC26XX.oem4f (.text:UARTCC26XX_read)
                             00001ce0                        : I2CCC26XX.oem4f (.text:I2CCC26XX_transfer)
                             00001cf4                        : I2CCC26XX.oem4f (.text:I2CCC26XX_transfer)
                             00002282                        : PINCC26XX.oem4f (.text:PINCC26XX_setIoCfg)
                             000023bc                        : I2CCC26XX.oem4f (.text:I2CCC26XX_open)
                             000023cc                        : I2CCC26XX.oem4f (.text:I2CCC26XX_open)
                             000023ea                        : I2CCC26XX.oem4f (.text:I2CCC26XX_open)
                             000024ac                        : UARTCC26XX.oem4f (.text:UARTCC26XX_write)
                             000024ce                        : UARTCC26XX.oem4f (.text:UARTCC26XX_write)
                             00002524                        : UARTCC26XX.oem4f (.text:UARTCC26XX_write)
                             00002614                        : PowerCC26X2.oem4f (.text:Power_releaseDependency)
                             000026d8                        : PowerCC26X2.oem4f (.text:Power_setDependency)
                             00002efc                        : UARTCC26XX.oem4f (.text:writeTxFifoFlush)
                             0000303a                        : UARTCC26XX.oem4f (.text:UARTCC26XX_writeCancel)
                             00003050                        : UARTCC26XX.oem4f (.text:UARTCC26XX_writeCancel)
                             00003084                        : UARTCC26XX.oem4f (.text:UARTCC26XX_writeCancel)
                             000031b8                        : I2CCC26XX.oem4f (.text:I2CCC26XX_cancel)
                             00003c32                        : UARTCC26XX.oem4f (.text:UARTCC26XX_control)
                             00003e32                        : GPIOCC26XX.oem4f (.text:GPIO_write)
                             0000408e                        : PowerCC26X2_calibrateRCOSC.oem4f (.text:PowerCC26X2_initiateCalibration)
                             00004336                        : UARTCC26XX.oem4f (.text:UARTCC26XX_readCancel)
                             0000434a                        : UARTCC26XX.oem4f (.text:UARTCC26XX_readCancel)
                             000044ac                        : PowerCC26X2.oem4f (.text:switchXOSCHF)
                             0000459e                        : PINCC26XX.oem4f (.text:PIN_setOutputEnable)
                             000046e6                        : RingBuf.oem4f (.text:RingBuf_put)
                             00004710                        : RingBuf.oem4f (.text:RingBuf_put)
                             0000474a                        : I2C.oem4f (.text:I2C_init)
                             00004816                        : UART.oem4f (.text:UART_init)
                             0000491e                        : RingBuf.oem4f (.text:RingBuf_get)
                             00004926                        : RingBuf.oem4f (.text:RingBuf_get)
                             00004e04                        : PowerCC26X2.oem4f (.text:Power_releaseConstraint)
                             00004e34                        : PowerCC26X2.oem4f (.text:Power_setConstraint)
                             000050d0                        : List.oem4f (.text:List_put)
                             000050f6                        : List.oem4f (.text:List_remove)
                             00005208                        : PowerCC26X2.oem4f (.text:Power_unregisterNotify)
                             0000522e                        : UARTCC26XX.oem4f (.text:threadSafeStdbyDisRelease)
                             0000524e                        : UARTCC26XX.oem4f (.text:threadSafeStdbyDisSet)
xdc_runtime_System_doPrint__I  $Tramp$TT$L$PI$$xdc_runtime_System_doPrint__I
   1002ecf1     000059bc     00000f92   release_pem4f.oem4f (.text:xdc_runtime_System_printfExtend__I)
ti_sysbios_knl_Swi_restore__E  $Tramp$TT$L$PI$$ti_sysbios_knl_Swi_restore__E
   1002db61     000059c4     00000720   drivers_cc13x2.aem4f : PowerCC26X2.oem4f (.text:Power_sleep)
                             00005366   dpl_cc13x2.aem4f : PowerCC26X2_tirtos.oem4f (.text:PowerCC26XX_schedulerRestore)

[64 trampolines]
[142 trampoline calls]


GLOBAL SYMBOLS: SORTED ALPHABETICALLY BY Name 

address   name                                                               
-------   ----                                                               
00004171  BME280_I2C_bus_read                                                
000030a9  BME280_I2C_bus_write                                               
0000557d  BME280_delay_msek                                                  
00005f20  BoardGpioInitTable                                                 
000052f1  Board_init                                                         
[...]
1002eb3d  xdc_runtime_Timestamp_getFreq__E                                   
1002eb3d  xdc_runtime_Timestamp_getFreq__E                                   
1002eb49  ti_sysbios_family_arm_m3_Hwi_Params__init__S                       
1002eb49  ti_sysbios_hal_Hwi_HwiProxy_Params__init__S                        
1002eb55  ti_sysbios_family_arm_m3_Hwi_disableFxn__E                         
1002eb61  ti_sysbios_family_arm_m3_Hwi_enableFxn__E                          
1002eb6d  ti_sysbios_gates_GateHwi_enter__E                                  
1002eb79  ti_sysbios_BIOS_RtsGateProxy_Params__init__S                       
1002eb79  ti_sysbios_gates_GateMutex_Params__init__S                         
1002eb79  ti_sysbios_heaps_HeapMem_Module_GateProxy_Params__init__S          
1002eb85  ti_sysbios_heaps_HeapTrack_Params__init__S                         
1002eb91  ti_sysbios_heaps_HeapTrack_isBlocking__E                           
1002eb9d  ti_sysbios_knl_Clock_Params__init__S                               
1002eba9  ti_sysbios_knl_Clock_getTimerHandle__E                             
1002ebb5  ti_sysbios_knl_Event_Params__init__S                               
1002ebc1  ti_sysbios_knl_Mailbox_Params__init__S                             
1002ebcd  ti_sysbios_knl_Queue_dequeue__E                                    
1002ebd9  ti_sysbios_knl_Queue_enqueue__E                                    
1002ebe5  ti_sysbios_knl_Semaphore_Params__init__S                           
1002ebf1  ti_sysbios_knl_Swi_Params__init__S                                 
1002ebfd  ti_sysbios_knl_Swi_self__E                                         
1002ec09  ti_sysbios_knl_Task_Params__init__S                                
1002ec15  ti_sysbios_hal_Hwi_Instance_finalize__E                            
1002ec1f  ti_sysbios_knl_Event_Instance_init__E                              
1002ec29  ti_sysbios_family_arm_m3_Hwi_doSwiRestore__I                       
1002ec31  ti_sysbios_family_arm_m3_Hwi_startup__E                            
1002ec31  ti_sysbios_hal_Hwi_HwiProxy_startup__E                             
1002ec31  ti_sysbios_hal_Hwi_HwiProxy_startup__E                             
1002ec31  ti_sysbios_hal_Hwi_startup__E                                      
1002ec31  ti_sysbios_hal_Hwi_startup__E                                      
1002ec39  ti_sysbios_knl_Idle_loop__E                                        
1002ec41  ti_sysbios_family_arm_m3_Hwi_doTaskRestore__I                      
1002ec47  HwiP_restore                                                       
1002ec47  ti_sysbios_family_arm_m3_Hwi_restoreFxn__E                         
1002ec4d  ti_sysbios_gates_GateHwi_leave__E                                  
1002ec53  ti_sysbios_gates_GateMutex_Instance_finalize__E                    
1002ec59  ti_sysbios_heaps_HeapMem_isBlocking__E                             
1002ec5f  ti_sysbios_knl_Queue_Instance_init__E                              
1002ec65  ti_sysbios_knl_Queue_elemClear__E                                  
1002ec6b  ti_sysbios_knl_Swi_startup__E                                      
1002ec71  ti_sysbios_knl_Task_enable__E                                      
1002ec77  ti_sysbios_BIOS_RtsGateProxy_enter__E                              
1002ec7b  ti_sysbios_BIOS_RtsGateProxy_leave__E                              
1002ec7f  ti_sysbios_family_arm_cc26xx_Timer_getExpiredTicks__E              
1002ec83  ti_sysbios_family_arm_cc26xx_Timer_getPeriod__E                    
1002ec87  ti_sysbios_family_arm_cc26xx_Timer_setPeriod__E                    
1002ec8b  ti_sysbios_family_arm_m3_Hwi_delete                                
1002ec8f  ti_sysbios_family_arm_m3_TaskSupport_Module__startupDone__S        
1002ec8f  ti_sysbios_knl_Task_SupportProxy_Module__startupDone__S            
1002ec93  ti_sysbios_gates_GateHwi_query__E                                  
1002ec93  xdc_runtime_Main_Module_GateProxy_query__E                         
1002ec93  xdc_runtime_System_Module_GateProxy_query__E                       
1002ec93  xdc_runtime_System_Module_GateProxy_query__E                       
1002ec97  ti_sysbios_gates_GateMutex_delete                                  
1002ec9b  ti_sysbios_BIOS_RtsGateProxy_query__E                              
1002ec9b  ti_sysbios_BIOS_RtsGateProxy_query__E                              
1002ec9b  ti_sysbios_gates_GateMutex_query__E                                
1002ec9b  ti_sysbios_heaps_HeapMem_Module_GateProxy_query__E                 
1002ec9b  ti_sysbios_heaps_HeapMem_Module_GateProxy_query__E                 
1002ec9f  ti_sysbios_hal_Hwi_HwiProxy_create                                 
1002eca3  ti_sysbios_hal_Hwi_HwiProxy_delete                                 
1002eca7  ti_sysbios_hal_Hwi_delete                                          
1002ecab  ti_sysbios_heaps_HeapMem_Module_GateProxy_enter__E                 
1002ecaf  ti_sysbios_heaps_HeapMem_Module_GateProxy_leave__E                 
1002ecb3  ti_sysbios_knl_Clock_TimerProxy_getExpiredTicks__E                 
1002ecb7  ti_sysbios_knl_Clock_TimerProxy_getPeriod__E                       
1002ecbb  ti_sysbios_knl_Clock_delete                                        
1002ecbf  ti_sysbios_knl_Clock_removeI__E                                    
1002ecc3  ti_sysbios_knl_Clock_setTimeout__E                                 
1002ecc7  ti_sysbios_knl_Event_delete                                        
1002eccb  ti_sysbios_knl_Mailbox_delete                                      
1002eccf  ti_sysbios_knl_Queue_delete                                        
1002ecd3  ti_sysbios_knl_Queue_head__E                                       
1002ecd7  ti_sysbios_knl_Queue_next__E                                       
1002ecdb  ti_sysbios_knl_Semaphore_delete                                    
1002ecdf  ti_sysbios_knl_Swi_delete                                          
1002ece3  ti_sysbios_knl_Swi_postInit__I                                     
1002ece7  ti_sysbios_knl_Task_delete                                         
1002eceb  ti_sysbios_knl_Task_startup__E                                     
1002ecf1  xdc_runtime_System_doPrint__I                                      
1002f055  xdc_runtime_Startup_startMods__I                                   
1002f15d  xdc_runtime_Text_putSite__E                                        
1002f1f7  xdc_runtime_Error_policySpin__E                                    
1002f1f9  xdc_runtime_Text_putMod__E                                         
1002f289  xdc_runtime_Memory_alloc__E                                        
1002f2f9  xdc_runtime_Core_createObject__I                                   
1002f367  xdc_runtime_Core_deleteObject__I                                   
1002f3c5  xdc_runtime_Text_putLab__E                                         
1002f421  xdc_runtime_Assert_raise__I                                        
1002f475  xdc_runtime_Startup_exec__E                                        
1002f4c9  xdc_runtime_Core_assignParams__I                                   
1002f511  xdc_runtime_Core_constructObject__I                                
1002f559  xdc_runtime_System_atexit__E                                       
1002f5a1  xdc_runtime_Text_xprintf__I                                        
1002f5e5  xdc_runtime_System_processAtExit__E                                
1002f625  xdc_runtime_System_putchar__I                                      
1002f659  xdc_runtime_Core_assignLabel__I                                    
1002f689  xdc_runtime_Text_printVisFxn__I                                    
1002f6b9  xdc_runtime_System_vprintf__E                                      
1002f6e5  xdc_runtime_Text_cordText__E                                       
1002f711  xdc_runtime_System_abort__E                                        
1002f739  xdc_runtime_Error_raiseX__E                                        
1002f759  xdc_runtime_Registry_findById__E                                   
1002f779  xdc_runtime_Error_check__E                                         
1002f795  xdc_runtime_Memory_valloc__E                                       
1002f7b1  xdc_runtime_System_exit__E                                         
1002f7cd  xdc_runtime_Text_ropeText__E                                       
1002f7e9  xdc_runtime_System_printf__E                                       
1002f803  xdc_runtime_Core_destructObject__I                                 
1002f81b  xdc_runtime_System_abortSpin__E                                    
1002f81d  xdc_runtime_Memory_free__E                                         
1002f831  xdc_runtime_Memory_getStats__E                                     
1002f845  xdc_runtime_SysCallback_abort__E                                   
1002f845  xdc_runtime_System_SupportProxy_abort__E                           
1002f859  xdc_runtime_SysCallback_exit__E                                    
1002f859  xdc_runtime_System_SupportProxy_exit__E                            
1002f86d  xdc_runtime_SysCallback_flush__E                                   
1002f86d  xdc_runtime_System_SupportProxy_flush__E                           
1002f86d  xdc_runtime_System_flush__E                                        
1002f881  xdc_runtime_SysCallback_putch__E                                   
1002f881  xdc_runtime_System_SupportProxy_putch__E                           
1002f895  xdc_runtime_SysCallback_ready__E                                   
1002f895  xdc_runtime_System_SupportProxy_ready__E                           
1002f8a9  xdc_runtime_Memory_getMaxDefaultTypeAlign__E                       
1002f8b9  xdc_runtime_System_vsnprintf__E                                    
1002f8c9  xdc_runtime_Timestamp_SupportProxy_get32__E                        
1002f8c9  xdc_runtime_Timestamp_SupportProxy_get32__E                        
1002f8c9  xdc_runtime_Timestamp_get32__E                                     
1002f8c9  xdc_runtime_Timestamp_get32__E                                     
1002f8d9  xdc_runtime_Memory_calloc__E                                       
1002f8e5  xdc_runtime_Startup_rtsDone__E                                     
1002f8f1  xdc_runtime_Memory_HeapProxy_alloc__E                              
1002f8fb  xdc_runtime_Memory_HeapProxy_free__E                               
1002f905  xdc_runtime_Memory_HeapProxy_getStats__E                           
1002f90f  xdc_runtime_Gate_leaveSystem__E                                    
1002f915  xdc_runtime_System_Module_startup__E                               
1002f91b  xdc_runtime_Gate_enterSystem__E                                    
1002f91f  xdc_runtime_SysCallback_Module__startupDone__S                     
1002f91f  xdc_runtime_System_SupportProxy_Module__startupDone__S             
1002f923  xdc_runtime_System_Module_GateProxy_enter__E                       
1002f927  xdc_runtime_System_Module_GateProxy_leave__E                       
1002f92b  xdc_runtime_System_printf_va__F                                    
1002f92f  xdc_runtime_System_exitSpin__E                                     
1002f931  ti_sysbios_family_arm_m3_Hwi_dispatch__I                           
1002fa11  ti_sysbios_family_arm_m3_Hwi_interruptsAreDisabledButShouldNotBe   
1002fa2d  ti_sysbios_family_arm_m3_TaskSupport_buildTaskStack                
1002fab9  ti_sysbios_family_arm_m3_Hwi_initStacks__E                         
1002fb11  ti_sysbios_family_arm_m3_Hwi_pendSV__I                             
1002fb35  ti_sysbios_family_arm_m3_Hwi_return                                
1002fb39  ti_sysbios_family_arm_m3_Hwi_excHandlerAsm__I                      
1002fb59  ti_sysbios_family_xxx_Hwi_switchAndRunFunc                         
1002fb77  ti_sysbios_family_arm_m3_TaskSupport_swap__E                       
1002fb77  ti_sysbios_knl_Task_SupportProxy_swap__E                           
1002fb77  ti_sysbios_knl_Task_SupportProxy_swap__E                           
1002fb83  ti_sysbios_knl_Task_swapReturn                                     
1002fb8f  ti_sysbios_family_arm_m3_TaskSupport_glue                          
1002fba0  ti_sysbios_knl_Task_Object__PARAMS__C                              
1002fbdc  ti_sysbios_knl_Mailbox_Object__PARAMS__C                           
1002fc10  ti_sysbios_family_arm_m3_Hwi_Object__PARAMS__C                     
1002fc40  ti_sysbios_hal_Hwi_Object__PARAMS__C                               
1002fc6c  ti_sysbios_knl_Swi_Object__PARAMS__C                               
1002fc94  ti_sysbios_heaps_HeapMem_Object__PARAMS__C                         
1002fcb8  ti_sysbios_knl_Clock_Object__PARAMS__C                             
1002fcdc  ti_sysbios_knl_Semaphore_Object__PARAMS__C                         
1002fd00  ti_sysbios_gates_GateHwi_Object__PARAMS__C                         
1002fd18  ti_sysbios_gates_GateMutex_Object__PARAMS__C                       
1002fd30  ti_sysbios_knl_Event_Object__PARAMS__C                             
1002fd48  ti_sysbios_knl_Queue_Object__PARAMS__C                             
1002fd80  ti_sysbios_heaps_HeapTrack_Object__PARAMS__C                       
1002fd9c  ti_sysbios_heaps_HeapTrack_Instance_State_trackQueue__O            
1002fda0  ti_sysbios_heaps_HeapTrack_Module__diagsEnabled__C                 
1002fda4  ti_sysbios_heaps_HeapTrack_Module__diagsIncluded__C                
1002fda8  ti_sysbios_heaps_HeapTrack_Module__diagsMask__C                    
1002fddb  strlen                                                             
20000000  __start___llvm_prf_cnts                                            
20000000  __stop___llvm_prf_cnts                                             
20000000  ti_sysbios_family_arm_m3_Hwi_ramVectors                            
20000100  xdcRomConstPtr                                                     
20000104  xdcRomExternFuncPtr                                                
20000108  xdcRomStatePtr                                                     
20000110  __primary_heap_start__                                             
20001110  __primary_heap_end__                                               
20001510  ti_sysbios_knl_Task_Instance_State_0_stack__A                      
20001710  uartCC26XXObjects                                                  
2000183c  i2cCC26xxObjects                                                   
2000191c  ti_sysbios_family_arm_m3_Hwi_dispatchTable                         
200019f4  pinHandleTable                                                     
20001a70  bme280                                                             
20001b74  i2cParams                                                          
20001b84  displayUartObject                                                  
20001b9c  ClockP_tickPeriod                                                  
20001ba0  PowerCC26XX_swiKey                                                 
20001ba4  PowerCC26XX_taskKey                                                
20001ba8  i2c                                                                
20001bac  driverlib_release_0_55938                                          
20001bb0  PowerCC26X2_module                                                 
20001cc0  ROM_stateStruct                                                    
20001cc0  ti_sysbios_knl_Clock_Module__state__V                              
20001cec  ti_sysbios_family_arm_cc26xx_TimestampProvider_Module__state__V    
20001cf0  xdc_runtime_Startup_Module__state__V                               
20001cf8  xdc_runtime_Registry_Module__state__V                              
20001d00  ti_sysbios_BIOS_Module__state__V                                   
20001d24  ti_sysbios_knl_Swi_Module__state__V                                
20001d40  ti_sysbios_knl_Task_Module__state__V                               
20001d84  xdc_runtime_Memory_Module__state__V                                
20001d88  xdc_runtime_System_Module__state__V                                
20001d90  ti_sysbios_family_arm_m3_Hwi_Module__state__V                      
20001dc4  ti_sysbios_family_arm_cc26xx_Timer_Module__state__V                
20001e54  ti_sysbios_gates_GateMutex_Object__table__V                        
20001ea8  ti_sysbios_knl_Task_Object__table__V                               
20001ef8  ti_sysbios_family_arm_cc26xx_Timer_Object__table__V                
20001f40  ti_sysbios_knl_Swi_Module_State_0_readyQ__A                        
20001f70  ti_sysbios_knl_Swi_Object__table__V                                
20001fa0  ti_sysbios_knl_Task_Module_State_0_readyQ__A                       
20001fd0  ti_sysbios_knl_Clock_Object__table__V                              
20001ff0  xdc_runtime_Error_IgnoreBlock                                      
20002010  ti_sysbios_family_arm_m3_Hwi_Object__table__V                      
20002028  ti_sysbios_heaps_HeapMem_Object__table__V                          
20002040  g_s32ActualTemp                                                    
20002044  g_u32ActualPress                                                   
20002048  g_u32ActualHumity                                                  
2000204c  _lock                                                              
20002050  _unlock                                                            
20002054  pinUpperBound                                                      
20002058  pinLowerBound                                                      
2000205c  gpioCallbackFunctions                                              
20002064  gpioPinConfigs                                                     
2000206c  ti_sysbios_family_arm_m3_Hwi_Module__root__V                       
20002074  ti_sysbios_gates_GateHwi_Module__root__V                           
2000207c  ti_sysbios_gates_GateMutex_Module__root__V                         
20002084  ti_sysbios_hal_Hwi_Module__root__V                                 
2000208c  ti_sysbios_heaps_HeapMem_Module__root__V                           
20002094  ti_sysbios_knl_Clock_Module__root__V                               
2000209c  ti_sysbios_knl_Event_Module__root__V                               
200020a4  ti_sysbios_knl_Mailbox_Module__root__V                             
200020ac  ti_sysbios_knl_Queue_Module__root__V                               
200020b4  ti_sysbios_knl_Semaphore_Module__root__V                           
200020bc  ti_sysbios_knl_Swi_Module__root__V                                 
200020c4  ti_sysbios_knl_Task_Module__root__V                                
200020cc  xdc_runtime_System_Module_State_0_atexitHandlers__A                
200020d4  main_func_sp                                                       
200020d8  ti_sysbios_family_arm_m3_Hwi_Module_State_0_excContext__A          
200020dc  ti_sysbios_family_arm_m3_Hwi_Module_State_0_excStack__A            
200020e0  ti_sysbios_knl_Task_Module_State_0_idleTask__A                     
200020e4  ti_sysbios_family_arm_m3_Hwi_Module_State_0_excActive__A           
20013c00  __stack                                                            
20014000  __STACK_END                                                        
e000e000  ti_sysbios_family_arm_m3_Hwi_nvic                                  
ffffffff  __TI_pprof_out_hndl                                                
ffffffff  __TI_prof_data_size                                                
ffffffff  __TI_prof_data_start                                               
ffffffff  __binit__                                                          
ffffffff  __c_args__                                                         
ffffffff  binit                                                              
UNDEFED   SHT$$INIT_ARRAY$$Base                                              
UNDEFED   SHT$$INIT_ARRAY$$Limit                                             

[901 symbols]
